Archive member included to satisfy reference by file (symbol)

C:\devkitPro/libctru/lib\libcitro2d.a(base.o)
                              main.o (C2D_Init)
C:\devkitPro/libctru/lib\libcitro2d.a(render2d.shbin.o)
                              C:\devkitPro/libctru/lib\libcitro2d.a(base.o) (render2d_shbin)
C:\devkitPro/libctru/lib\libcitro3d.a(base.o)
                              main.o (C3D_Init)
C:\devkitPro/libctru/lib\libcitro3d.a(renderqueue.o)
                              C:\devkitPro/libctru/lib\libcitro3d.a(base.o) (C3Di_RenderQueueEnableVBlank)
C:\devkitPro/libctru/lib\libcitro3d.a(texture.o)
                              C:\devkitPro/libctru/lib\libcitro2d.a(base.o) (C3D_TexBind)
C:\devkitPro/libctru/lib\libcitro3d.a(framebuffer.o)
                              C:\devkitPro/libctru/lib\libcitro3d.a(renderqueue.o) (C3D_CalcColorBufSize)
C:\devkitPro/libctru/lib\libcitro3d.a(texenv.o)
                              C:\devkitPro/libctru/lib\libcitro2d.a(base.o) (C3D_GetTexEnv)
C:\devkitPro/libctru/lib\libcitro3d.a(drawElements.o)
                              C:\devkitPro/libctru/lib\libcitro2d.a(base.o) (C3D_DrawElements)
C:\devkitPro/libctru/lib\libcitro3d.a(proctex.o)
                              C:\devkitPro/libctru/lib\libcitro2d.a(base.o) (C3D_ProcTexInit)
C:\devkitPro/libctru/lib\libcitro3d.a(buffers.o)
                              C:\devkitPro/libctru/lib\libcitro2d.a(base.o) (BufInfo_Init)
C:\devkitPro/libctru/lib\libcitro3d.a(effect.o)
                              C:\devkitPro/libctru/lib\libcitro3d.a(base.o) (C3D_DepthMap)
C:\devkitPro/libctru/lib\libcitro3d.a(attribs.o)
                              C:\devkitPro/libctru/lib\libcitro2d.a(base.o) (AttrInfo_Init)
C:\devkitPro/libctru/lib\libcitro3d.a(immediate.o)
                              C:\devkitPro/libctru/lib\libcitro3d.a(base.o) (C3D_ImmSendAttrib)
C:\devkitPro/libctru/lib\libcitro3d.a(uniforms.o)
                              C:\devkitPro/libctru/lib\libcitro3d.a(base.o) (C3D_UpdateUniforms)
C:\devkitPro/libctru/lib\libcitro3d.a(mtx_ortho.o)
                              C:\devkitPro/libctru/lib\libcitro2d.a(base.o) (Mtx_Ortho)
C:\devkitPro/libctru/lib\libcitro3d.a(mtx_scale.o)
                              C:\devkitPro/libctru/lib\libcitro2d.a(base.o) (Mtx_Scale)
C:\devkitPro/libctru/lib\libcitro3d.a(mtx_multiply.o)
                              C:\devkitPro/libctru/lib\libcitro2d.a(base.o) (Mtx_Multiply)
C:\devkitPro/libctru/lib\libcitro3d.a(mtx_orthotilt.o)
                              C:\devkitPro/libctru/lib\libcitro2d.a(base.o) (Mtx_OrthoTilt)
C:\devkitPro/libctru/lib\libcitro3d.a(mtx_translate.o)
                              C:\devkitPro/libctru/lib\libcitro2d.a(base.o) (Mtx_Translate)
C:\devkitPro/libctru/lib\libcitro3d.a(mtx_rotatez.o)
                              C:\devkitPro/libctru/lib\libcitro2d.a(base.o) (Mtx_RotateZ)
C:\devkitPro/libctru/lib\libctru.a(vram.o)
                              C:\devkitPro/libctru/lib\libcitro3d.a(renderqueue.o) (vramAlloc)
C:\devkitPro/libctru/lib\libctru.a(linear.o)
                              C:\devkitPro/libctru/lib\libcitro2d.a(base.o) (linearAlloc)
C:\devkitPro/libctru/lib\libctru.a(mem_pool.o)
                              C:\devkitPro/libctru/lib\libctru.a(vram.o) (MemPool::Allocate(MemChunk&, unsigned long, int))
C:\devkitPro/libctru/lib\libctru.a(os.o)
                              C:\devkitPro/libctru/lib\libcitro3d.a(texture.o) (osConvertVirtToPhys)
C:\devkitPro/libctru/lib\libctru.a(console.o)
                              main.o (consoleInit)
C:\devkitPro/libctru/lib\libctru.a(gfx.o)
                              C:\devkitPro/libctru/lib\libcitro2d.a(base.o) (gfxIsWide)
C:\devkitPro/libctru/lib\libctru.a(shaderProgram.o)
                              C:\devkitPro/libctru/lib\libcitro2d.a(base.o) (shaderInstanceGetUniformLocation)
C:\devkitPro/libctru/lib\libctru.a(shbin.o)
                              C:\devkitPro/libctru/lib\libcitro2d.a(base.o) (DVLB_ParseFile)
C:\devkitPro/libctru/lib\libctru.a(gx.o)
                              C:\devkitPro/libctru/lib\libcitro3d.a(renderqueue.o) (GX_BindQueue)
C:\devkitPro/libctru/lib\libctru.a(gxqueue.o)
                              C:\devkitPro/libctru/lib\libcitro3d.a(renderqueue.o) (gxCmdQueueClear)
C:\devkitPro/libctru/lib\libctru.a(gpu.o)
                              C:\devkitPro/libctru/lib\libcitro3d.a(base.o) (gpuCmdBufOffset)
C:\devkitPro/libctru/lib\libctru.a(gspgpu.o)
                              C:\devkitPro/libctru/lib\libctru.a(gfx.o) (gspInit)
C:\devkitPro/libctru/lib\libctru.a(apt.o)
                              C:\devkitPro/libctru/lib\libcitro3d.a(base.o) (aptHook)
C:\devkitPro/libctru/lib\libctru.a(hid.o)
                              main.o (hidScanInput)
C:\devkitPro/libctru/lib\libctru.a(ptmsysm.o)
                              C:\devkitPro/libctru/lib\libctru.a(os.o) (ptmSysmInit)
[...]
Memory Configuration

Name             Origin             Length             Attributes
*default*        0x0000000000000000 0xffffffffffffffff

Linker script and memory map

                0x0000000000100000                PROVIDE (__start__ = 0x100000)
                0x0000000000100000                . = __start__

.text           0x0000000000100000    0x260e8
 *(.crt0)
 .crt0          0x0000000000100000       0x94 c:/devkitpro/devkitarm/bin/../lib/gcc/arm-none-eabi/12.1.0/../../../../arm-none-eabi/lib/armv6k/fpu/3dsx_crt0.o
                0x0000000000100000                _start
                0x0000000000100008                __service_ptr
                0x000000000010000c                __apt_appid
                0x0000000000100010                __heap_size
                0x0000000000100014                __linear_heap_size
                0x0000000000100018                __system_arglist
                0x000000000010001c                __system_runflags
 *(.init)
 .init          0x0000000000100094        0xc c:/devkitpro/devkitarm/bin/../lib/gcc/arm-none-eabi/12.1.0/armv6k/fpu/crti.o
                0x0000000000100094                _init
 .init          0x00000000001000a0        0xc c:/devkitpro/devkitarm/bin/../lib/gcc/arm-none-eabi/12.1.0/armv6k/fpu/crtn.o
                0x00000000001000ac                . = ALIGN (0x4)
 *(.text)
 .text          0x00000000001000ac      0x240 c:/devkitpro/devkitarm/bin/../lib/gcc/arm-none-eabi/12.1.0/armv6k/fpu\libgcc.a(_divsi3.o)
                0x00000000001000ac                __divsi3
                0x00000000001000ac                __aeabi_idiv
                0x00000000001002cc                __aeabi_idivmod
 .text          0x00000000001002ec        0x4 c:/devkitpro/devkitarm/bin/../lib/gcc/arm-none-eabi/12.1.0/armv6k/fpu\libgcc.a(_dvmd_tls.o)
                0x00000000001002ec                __aeabi_idiv0
                0x00000000001002ec                __aeabi_ldiv0
 .text          0x00000000001002f0      0x3c0 c:/devkitpro/devkitarm/bin/../lib/gcc/arm-none-eabi/12.1.0/armv6k/fpu\libgcc.a(_arm_addsubdf3.o)
                0x00000000001002f0                __aeabi_drsub
                0x00000000001002f8                __aeabi_dsub
                0x00000000001002f8                __subdf3
                0x00000000001002fc                __aeabi_dadd
                0x00000000001002fc                __adddf3
                0x00000000001005a8                __floatunsidf
                0x00000000001005a8                __aeabi_ui2d
                0x00000000001005cc                __floatsidf
                0x00000000001005cc                __aeabi_i2d
                0x00000000001005f4                __aeabi_f2d
                0x00000000001005f4                __extendsfdf2
                0x000000000010063c                __floatundidf
                0x000000000010063c                __aeabi_ul2d
                0x0000000000100650                __floatdidf
                0x0000000000100650                __aeabi_l2d
 .text          0x00000000001006b0       0x3c c:/devkitpro/devkitarm/bin/../lib/gcc/arm-none-eabi/12.1.0/armv6k/fpu\libgcc.a(_aeabi_uldivmod.o)
                0x00000000001006b0                __aeabi_uldivmod
 *fill*         0x00000000001006ec       0x14 
 .text          0x0000000000100700      0x390 c:/devkitpro/devkitarm/bin/../lib/gcc/arm-none-eabi/12.1.0/../../../../arm-none-eabi/lib/armv6k/fpu\libg.a(lib_a-strcmp.o)
                0x0000000000100708                strcmp
 .text          0x0000000000100a90      0x20c c:/devkitpro/devkitarm/bin/../lib/gcc/arm-none-eabi/12.1.0/armv6k/fpu\libgcc.a(_udivsi3.o)
                0x0000000000100a90                __aeabi_uidiv
                0x0000000000100a90                __udivsi3
                0x0000000000100c7c                __aeabi_uidivmod
 *(.text.*)
 .text.__do_global_dtors_aux
                0x0000000000100c9c       0x40 c:/devkitpro/devkitarm/bin/../lib/gcc/arm-none-eabi/12.1.0/armv6k/fpu/crtbegin.o
 .text.frame_dummy
                0x0000000000100cdc       0x2c c:/devkitpro/devkitarm/bin/../lib/gcc/arm-none-eabi/12.1.0/armv6k/fpu/crtbegin.o
 .text.startup.main
                0x0000000000100d08      0x228 main.o
                0x0000000000100d08                main
 .text.C2Di_FrameEndHook
                0x0000000000100f30       0x44 C:\devkitPro/libctru/lib\libcitro2d.a(base.o)
 *fill*         0x0000000000100f74        0x4 
 .text.C2D_Init
                0x0000000000100f78      0x36c C:\devkitPro/libctru/lib\libcitro2d.a(base.o)
                0x0000000000100f78                C2D_Init
 .text.C2D_Fini
                0x00000000001012e4       0x4c C:\devkitPro/libctru/lib\libcitro2d.a(base.o)
                0x00000000001012e4                C2D_Fini
 .text.C2D_Prepare
                0x0000000000101330       0xb8 C:\devkitPro/libctru/lib\libcitro2d.a(base.o)
                0x0000000000101330                C2D_Prepare
 .text.C2D_Flush
                0x00000000001013e8       0x48 C:\devkitPro/libctru/lib\libcitro2d.a(base.o)
                0x00000000001013e8                C2D_Flush
 .text.C2D_SceneSize
                0x0000000000101430      0x104 C:\devkitPro/libctru/lib\libcitro2d.a(base.o)
                0x0000000000101430                C2D_SceneSize
 .text.C2D_CreateScreenTarget
                0x0000000000101534       0x58 C:\devkitPro/libctru/lib\libcitro2d.a(base.o)
                0x0000000000101534                C2D_CreateScreenTarget
 .text.C2D_TargetClear
                0x000000000010158c       0x64 C:\devkitPro/libctru/lib\libcitro2d.a(base.o)
                0x000000000010158c                C2D_TargetClear
 .text.C2Di_AppendQuad
                0x00000000001015f0       0x58 C:\devkitPro/libctru/lib\libcitro2d.a(base.o)
                0x00000000001015f0                C2Di_AppendQuad
 .text.C2Di_Update
                0x0000000000101648      0x550 C:\devkitPro/libctru/lib\libcitro2d.a(base.o)
                0x0000000000101648                C2Di_Update
 .text.C2D_DrawRectangle
                0x0000000000101b98      0x158 C:\devkitPro/libctru/lib\libcitro2d.a(base.o)
                0x0000000000101b98                C2D_DrawRectangle
 .text.C3Di_LightEnvUpdate
                0x0000000000101cf0        0x4 C:\devkitPro/libctru/lib\libcitro3d.a(base.o)
                0x0000000000101cf0                C3Di_LightEnvUpdate
 .text.C3Di_LightEnvDirty
                0x0000000000101cf4        0x4 C:\devkitPro/libctru/lib\libcitro3d.a(base.o)
                0x0000000000101cf4                C3Di_LightEnvDirty
 .text.C3Di_AptEventHook
                0x0000000000101cf8       0xb4 C:\devkitPro/libctru/lib\libcitro3d.a(base.o)
 .text.C3Di_GasUpdate
                0x0000000000101dac        0x4 C:\devkitPro/libctru/lib\libcitro3d.a(base.o)
                0x0000000000101dac                C3Di_GasUpdate
 .text.C3D_Init
                0x0000000000101db0      0x1e0 C:\devkitPro/libctru/lib\libcitro3d.a(base.o)
                0x0000000000101db0                C3D_Init
 .text.C3D_SetViewport
                0x0000000000101f90       0x98 C:\devkitPro/libctru/lib\libcitro3d.a(base.o)
                0x0000000000101f90                C3D_SetViewport
 .text.C3Di_UpdateContext
                0x0000000000102028      0x4e8 C:\devkitPro/libctru/lib\libcitro3d.a(base.o)
                0x0000000000102028                C3Di_UpdateContext
 .text.C3Di_SplitFrame
                0x0000000000102510       0xe0 C:\devkitPro/libctru/lib\libcitro3d.a(base.o)
                0x0000000000102510                C3Di_SplitFrame
 .text.C3D_GetCmdBufUsage
                0x00000000001025f0       0x10 C:\devkitPro/libctru/lib\libcitro3d.a(base.o)
                0x00000000001025f0                C3D_GetCmdBufUsage
 .text.C3D_Fini
                0x0000000000102600       0x44 C:\devkitPro/libctru/lib\libcitro3d.a(base.o)
                0x0000000000102600                C3D_Fini
 .text.C3D_BindProgram
                0x0000000000102644      0x114 C:\devkitPro/libctru/lib\libcitro3d.a(base.o)
                0x0000000000102644                C3D_BindProgram
 .text.onVBlank0
                0x0000000000102758       0x4c C:\devkitPro/libctru/lib\libcitro3d.a(renderqueue.o)
 .text.onVBlank1
                0x00000000001027a4       0x4c C:\devkitPro/libctru/lib\libcitro3d.a(renderqueue.o)
 .text.C3Di_RenderTargetDestroy
                0x00000000001027f0       0x80 C:\devkitPro/libctru/lib\libcitro3d.a(renderqueue.o)
 .text.onQueueFinish
                0x0000000000102870       0xf4 C:\devkitPro/libctru/lib\libcitro3d.a(renderqueue.o)
 .text.C3Di_RenderQueueEnableVBlank
                0x0000000000102964       0x38 C:\devkitPro/libctru/lib\libcitro3d.a(renderqueue.o)
                0x0000000000102964                C3Di_RenderQueueEnableVBlank
 .text.C3Di_RenderQueueDisableVBlank
                0x000000000010299c       0x30 C:\devkitPro/libctru/lib\libcitro3d.a(renderqueue.o)
                0x000000000010299c                C3Di_RenderQueueDisableVBlank
 .text.C3Di_RenderQueueInit
                0x00000000001029cc       0x60 C:\devkitPro/libctru/lib\libcitro3d.a(renderqueue.o)
                0x00000000001029cc                C3Di_RenderQueueInit
 .text.C3Di_RenderQueueExit
                0x0000000000102a2c       0xb0 C:\devkitPro/libctru/lib\libcitro3d.a(renderqueue.o)
                0x0000000000102a2c                C3Di_RenderQueueExit
 .text.C3Di_RenderQueueWaitDone
                0x0000000000102adc       0x34 C:\devkitPro/libctru/lib\libcitro3d.a(renderqueue.o)
                0x0000000000102adc                C3Di_RenderQueueWaitDone
 .text.C3D_FrameBegin
                0x0000000000102b10       0xe4 C:\devkitPro/libctru/lib\libcitro3d.a(renderqueue.o)
                0x0000000000102b10                C3D_FrameBegin
 .text.C3D_FrameDrawOn
                0x0000000000102bf4       0x48 C:\devkitPro/libctru/lib\libcitro3d.a(renderqueue.o)
                0x0000000000102bf4                C3D_FrameDrawOn
 .text.C3D_FrameSplit
                0x0000000000102c3c       0x58 C:\devkitPro/libctru/lib\libcitro3d.a(renderqueue.o)
                0x0000000000102c3c                C3D_FrameSplit
 .text.C3D_FrameEnd
                0x0000000000102c94      0x1d8 C:\devkitPro/libctru/lib\libcitro3d.a(renderqueue.o)
                0x0000000000102c94                C3D_FrameEnd
 .text.C3D_FrameEndHook
                0x0000000000102e6c       0x1c C:\devkitPro/libctru/lib\libcitro3d.a(renderqueue.o)
                0x0000000000102e6c                C3D_FrameEndHook
 .text.C3D_GetDrawingTime
                0x0000000000102e88       0x18 C:\devkitPro/libctru/lib\libcitro3d.a(renderqueue.o)
                0x0000000000102e88                C3D_GetDrawingTime
 .text.C3D_GetProcessingTime
                0x0000000000102ea0       0x18 C:\devkitPro/libctru/lib\libcitro3d.a(renderqueue.o)
                0x0000000000102ea0                C3D_GetProcessingTime
 .text.C3D_RenderTargetCreate
                0x0000000000102eb8      0x184 C:\devkitPro/libctru/lib\libcitro3d.a(renderqueue.o)
                0x0000000000102eb8                C3D_RenderTargetCreate
 .text.C3D_RenderTargetSetOutput
                0x000000000010303c       0xa8 C:\devkitPro/libctru/lib\libcitro3d.a(renderqueue.o)
                0x000000000010303c                C3D_RenderTargetSetOutput
 .text.C3D_TexBind
                0x00000000001030e4       0x44 C:\devkitPro/libctru/lib\libcitro3d.a(texture.o)
                0x00000000001030e4                C3D_TexBind
 .text.C3Di_SetTex
                0x0000000000103128      0x16c C:\devkitPro/libctru/lib\libcitro3d.a(texture.o)
                0x0000000000103128                C3Di_SetTex
 .text.C3D_CalcColorBufSize
                0x0000000000103294       0x1c C:\devkitPro/libctru/lib\libcitro3d.a(framebuffer.o)
                0x0000000000103294                C3D_CalcColorBufSize
 .text.C3D_CalcDepthBufSize
                0x00000000001032b0       0x1c C:\devkitPro/libctru/lib\libcitro3d.a(framebuffer.o)
                0x00000000001032b0                C3D_CalcDepthBufSize
 .text.C3D_SetFrameBuf
                0x00000000001032cc       0x44 C:\devkitPro/libctru/lib\libcitro3d.a(framebuffer.o)
                0x00000000001032cc                C3D_SetFrameBuf
 .text.C3Di_FrameBufBind
                0x0000000000103310      0x16c C:\devkitPro/libctru/lib\libcitro3d.a(framebuffer.o)
                0x0000000000103310                C3Di_FrameBufBind
 .text.C3D_FrameBufClear
                0x000000000010347c       0xc8 C:\devkitPro/libctru/lib\libcitro3d.a(framebuffer.o)
                0x000000000010347c                C3D_FrameBufClear
 .text.C3D_FrameBufTransfer
                0x0000000000103544       0x44 C:\devkitPro/libctru/lib\libcitro3d.a(framebuffer.o)
                0x0000000000103544                C3D_FrameBufTransfer
 .text.C3D_GetTexEnv
                0x0000000000103588       0x34 C:\devkitPro/libctru/lib\libcitro3d.a(texenv.o)
                0x0000000000103588                C3D_GetTexEnv
 .text.C3Di_TexEnvBind
                0x00000000001035bc       0x24 C:\devkitPro/libctru/lib\libcitro3d.a(texenv.o)
                0x00000000001035bc                C3Di_TexEnvBind
 .text.C3D_DrawElements
                0x00000000001035e0      0x218 C:\devkitPro/libctru/lib\libcitro3d.a(drawElements.o)
                0x00000000001035e0                C3D_DrawElements
 .text.C3D_ProcTexInit
                0x00000000001037f8       0x70 C:\devkitPro/libctru/lib\libcitro3d.a(proctex.o)
                0x00000000001037f8                C3D_ProcTexInit
 .text.C3D_ProcTexBind
                0x0000000000103868       0x54 C:\devkitPro/libctru/lib\libcitro3d.a(proctex.o)
                0x0000000000103868                C3D_ProcTexBind
 .text.C3D_ProcTexLutBind
                0x00000000001038bc       0x5c C:\devkitPro/libctru/lib\libcitro3d.a(proctex.o)
                0x00000000001038bc                C3D_ProcTexLutBind
 .text.ProcTexLut_FromArray
                0x0000000000103918       0xa4 C:\devkitPro/libctru/lib\libcitro3d.a(proctex.o)
                0x0000000000103918                ProcTexLut_FromArray
 .text.C3Di_ProcTexUpdate
                0x00000000001039bc      0x17c C:\devkitPro/libctru/lib\libcitro3d.a(proctex.o)
                0x00000000001039bc                C3Di_ProcTexUpdate
 .text.C3Di_ProcTexDirty
                0x0000000000103b38       0x68 C:\devkitPro/libctru/lib\libcitro3d.a(proctex.o)
                0x0000000000103b38                C3Di_ProcTexDirty
 .text.BufInfo_Init
                0x0000000000103ba0       0x24 C:\devkitPro/libctru/lib\libcitro3d.a(buffers.o)
                0x0000000000103ba0                BufInfo_Init
 .text.BufInfo_Add
                0x0000000000103bc4       0x80 C:\devkitPro/libctru/lib\libcitro3d.a(buffers.o)
                0x0000000000103bc4                BufInfo_Add
 .text.C3D_SetBufInfo
                0x0000000000103c44       0x40 C:\devkitPro/libctru/lib\libcitro3d.a(buffers.o)
                0x0000000000103c44                C3D_SetBufInfo
 .text.C3Di_BufInfoBind
                0x0000000000103c84       0x48 C:\devkitPro/libctru/lib\libcitro3d.a(buffers.o)
                0x0000000000103c84                C3Di_BufInfoBind
 .text.C3D_DepthMap
                0x0000000000103ccc       0x40 C:\devkitPro/libctru/lib\libcitro3d.a(effect.o)
                0x0000000000103ccc                C3D_DepthMap
 .text.C3D_CullFace
                0x0000000000103d0c       0x1c C:\devkitPro/libctru/lib\libcitro3d.a(effect.o)
                0x0000000000103d0c                C3D_CullFace
 .text.C3D_StencilTest
                0x0000000000103d28       0x40 C:\devkitPro/libctru/lib\libcitro3d.a(effect.o)
                0x0000000000103d28                C3D_StencilTest
 .text.C3D_StencilOp
                0x0000000000103d68       0x24 C:\devkitPro/libctru/lib\libcitro3d.a(effect.o)
                0x0000000000103d68                C3D_StencilOp
 .text.C3D_BlendingColor
                0x0000000000103d8c       0x1c C:\devkitPro/libctru/lib\libcitro3d.a(effect.o)
                0x0000000000103d8c                C3D_BlendingColor
 .text.C3D_EarlyDepthTest
                0x0000000000103da8       0x24 C:\devkitPro/libctru/lib\libcitro3d.a(effect.o)
                0x0000000000103da8                C3D_EarlyDepthTest
 .text.C3D_DepthTest
                0x0000000000103dcc       0x2c C:\devkitPro/libctru/lib\libcitro3d.a(effect.o)
                0x0000000000103dcc                C3D_DepthTest
 .text.C3D_AlphaTest
                0x0000000000103df8       0x2c C:\devkitPro/libctru/lib\libcitro3d.a(effect.o)
                0x0000000000103df8                C3D_AlphaTest
 .text.C3D_AlphaBlend
                0x0000000000103e24       0x50 C:\devkitPro/libctru/lib\libcitro3d.a(effect.o)
                0x0000000000103e24                C3D_AlphaBlend
 .text.C3D_FragOpMode
                0x0000000000103e74       0x30 C:\devkitPro/libctru/lib\libcitro3d.a(effect.o)
                0x0000000000103e74                C3D_FragOpMode
 .text.C3D_FragOpShadow
                0x0000000000103ea4       0x44 C:\devkitPro/libctru/lib\libcitro3d.a(effect.o)
                0x0000000000103ea4                C3D_FragOpShadow
 .text.C3Di_EffectBind
                0x0000000000103ee8      0x1ac C:\devkitPro/libctru/lib\libcitro3d.a(effect.o)
                0x0000000000103ee8                C3Di_EffectBind
 .text.AttrInfo_Init
                0x0000000000104094       0x28 C:\devkitPro/libctru/lib\libcitro3d.a(attribs.o)
                0x0000000000104094                AttrInfo_Init
 .text.AttrInfo_AddLoader
                0x00000000001040bc       0x94 C:\devkitPro/libctru/lib\libcitro3d.a(attribs.o)
                0x00000000001040bc                AttrInfo_AddLoader
 .text.C3D_SetAttrInfo
                0x0000000000104150       0x54 C:\devkitPro/libctru/lib\libcitro3d.a(attribs.o)
                0x0000000000104150                C3D_SetAttrInfo
 .text.C3Di_AttrInfoBind
                0x00000000001041a4       0x80 C:\devkitPro/libctru/lib\libcitro3d.a(attribs.o)
                0x00000000001041a4                C3Di_AttrInfoBind
 .text.C3D_ImmSendAttrib
                0x0000000000104224       0xa8 C:\devkitPro/libctru/lib\libcitro3d.a(immediate.o)
                0x0000000000104224                C3D_ImmSendAttrib
 .text.C3D_UpdateUniforms
                0x00000000001042cc      0x280 C:\devkitPro/libctru/lib\libcitro3d.a(uniforms.o)
                0x00000000001042cc                C3D_UpdateUniforms
 .text.C3Di_DirtyUniforms
                0x000000000010454c       0xc0 C:\devkitPro/libctru/lib\libcitro3d.a(uniforms.o)
                0x000000000010454c                C3Di_DirtyUniforms
 .text.C3Di_LoadShaderUniforms
                0x000000000010460c       0xd8 C:\devkitPro/libctru/lib\libcitro3d.a(uniforms.o)
                0x000000000010460c                C3Di_LoadShaderUniforms
 .text.C3Di_ClearShaderUniforms
                0x00000000001046e4       0x28 C:\devkitPro/libctru/lib\libcitro3d.a(uniforms.o)
                0x00000000001046e4                C3Di_ClearShaderUniforms
 .text.Mtx_Ortho
                0x000000000010470c       0xcc C:\devkitPro/libctru/lib\libcitro3d.a(mtx_ortho.o)
                0x000000000010470c                Mtx_Ortho
 .text.Mtx_OrthoTilt
                0x00000000001047d8       0xcc C:\devkitPro/libctru/lib\libcitro3d.a(mtx_orthotilt.o)
                0x00000000001047d8                Mtx_OrthoTilt
 .text._ZL21addrMapNodeComparatorPK11rbtree_nodeS1_
                0x00000000001048a4       0x24 C:\devkitPro/libctru/lib\libctru.a(vram.o)
 .text._ZL21addrMapNodeDestructorP11rbtree_node
                0x00000000001048c8        0x4 C:\devkitPro/libctru/lib\libctru.a(vram.o)
 .text.vramMemAlignAt
                0x00000000001048cc      0x250 C:\devkitPro/libctru/lib\libctru.a(vram.o)
                0x00000000001048cc                vramMemAlignAt
 .text.vramAlloc
                0x0000000000104b1c        0xc C:\devkitPro/libctru/lib\libctru.a(vram.o)
                0x0000000000104b1c                vramAlloc
 .text.vramAllocAt
                0x0000000000104b28        0xc C:\devkitPro/libctru/lib\libctru.a(vram.o)
                0x0000000000104b28                vramAllocAt
 .text.vramFree
                0x0000000000104b34       0x90 C:\devkitPro/libctru/lib\libctru.a(vram.o)
                0x0000000000104b34                vramFree
 .text._ZL21addrMapNodeComparatorPK11rbtree_nodeS1_
                0x0000000000104bc4       0x24 C:\devkitPro/libctru/lib\libctru.a(linear.o)
 .text._ZL21addrMapNodeDestructorP11rbtree_node
                0x0000000000104be8        0x4 C:\devkitPro/libctru/lib\libctru.a(linear.o)
 .text.linearMemAlign
                0x0000000000104bec      0x120 C:\devkitPro/libctru/lib\libctru.a(linear.o)
                0x0000000000104bec                linearMemAlign
 .text.linearAlloc
                0x0000000000104d0c        0x8 C:\devkitPro/libctru/lib\libctru.a(linear.o)
                0x0000000000104d0c                linearAlloc
 .text.linearFree
                0x0000000000104d14       0x5c C:\devkitPro/libctru/lib\libctru.a(linear.o)
                0x0000000000104d14                linearFree
 .text._ZN7MemPool13CoalesceRightEP8MemBlock
                0x0000000000104d70       0x80 C:\devkitPro/libctru/lib\libctru.a(mem_pool.o)
                0x0000000000104d70                MemPool::CoalesceRight(MemBlock*)
 .text._ZN7MemPool8AllocateER8MemChunkmi
                0x0000000000104df0      0x16c C:\devkitPro/libctru/lib\libctru.a(mem_pool.o)
                0x0000000000104df0                MemPool::Allocate(MemChunk&, unsigned long, int)
 .text._ZN7MemPool10DeallocateERK8MemChunk
                0x0000000000104f5c       0xfc C:\devkitPro/libctru/lib\libctru.a(mem_pool.o)
                0x0000000000104f5c                MemPool::Deallocate(MemChunk const&)
 .text._ZN7MemPool12GetFreeSpaceEv
                0x0000000000105058       0x30 C:\devkitPro/libctru/lib\libctru.a(mem_pool.o)
                0x0000000000105058                MemPool::GetFreeSpace()
 .text.osConvertVirtToPhys
                0x0000000000105088       0x74 C:\devkitPro/libctru/lib\libctru.a(os.o)
                0x0000000000105088                osConvertVirtToPhys
 *fill*         0x00000000001050fc        0x4 
 .text.osTickCounterRead
                0x0000000000105100       0x38 C:\devkitPro/libctru/lib\libctru.a(os.o)
                0x0000000000105100                osTickCounterRead
 .text.__ctru_speedup_config
                0x0000000000105138       0x34 C:\devkitPro/libctru/lib\libctru.a(os.o)
                0x0000000000105138                __ctru_speedup_config
 .text.parseColor
                0x000000000010516c      0x1e8 C:\devkitPro/libctru/lib\libctru.a(console.o)
 .text.consoleDrawChar
                0x0000000000105354      0x1ac C:\devkitPro/libctru/lib\libctru.a(console.o)
                0x0000000000105354                consoleDrawChar
 .text.consolePrintChar
                0x0000000000105500      0x124 C:\devkitPro/libctru/lib\libctru.a(console.o)
                0x0000000000105500                consolePrintChar
 .text.con_write
                0x0000000000105624      0xb94 C:\devkitPro/libctru/lib\libctru.a(console.o)
                0x0000000000105624                con_write
 .text.newRow   0x00000000001061b8       0xfc C:\devkitPro/libctru/lib\libctru.a(console.o)
 .text.consoleInit
                0x00000000001062b4      0x168 C:\devkitPro/libctru/lib\libctru.a(console.o)
                0x00000000001062b4                consoleInit
 .text.gfxPresentFramebuffer
                0x000000000010641c       0xd0 C:\devkitPro/libctru/lib\libctru.a(gfx.o)
 .text.gfxIsWide
                0x00000000001064ec       0x1c C:\devkitPro/libctru/lib\libctru.a(gfx.o)
                0x00000000001064ec                gfxIsWide
 .text.gfxSetScreenFormat
                0x0000000000106508       0xec C:\devkitPro/libctru/lib\libctru.a(gfx.o)
                0x0000000000106508                gfxSetScreenFormat
 .text.gfxSetDoubleBuffering
                0x00000000001065f4       0x10 C:\devkitPro/libctru/lib\libctru.a(gfx.o)
                0x00000000001065f4                gfxSetDoubleBuffering
 .text.gfxInit  0x0000000000106604       0xe0 C:\devkitPro/libctru/lib\libctru.a(gfx.o)
                0x0000000000106604                gfxInit
 .text.gfxInitDefault
                0x00000000001066e4       0x10 C:\devkitPro/libctru/lib\libctru.a(gfx.o)
                0x00000000001066e4                gfxInitDefault
 .text.gfxExit  0x00000000001066f4       0xb4 C:\devkitPro/libctru/lib\libctru.a(gfx.o)
                0x00000000001066f4                gfxExit
 .text.gfxGetFramebuffer
                0x00000000001067a8       0xa0 C:\devkitPro/libctru/lib\libctru.a(gfx.o)
                0x00000000001067a8                gfxGetFramebuffer
 .text.gfxFlushBuffers
                0x0000000000106848      0x104 C:\devkitPro/libctru/lib\libctru.a(gfx.o)
                0x0000000000106848                gfxFlushBuffers
 .text.gfxScreenSwapBuffers
                0x000000000010694c       0x30 C:\devkitPro/libctru/lib\libctru.a(gfx.o)
                0x000000000010694c                gfxScreenSwapBuffers
 .text.gfxSwapBuffersGpu
                0x000000000010697c       0x50 C:\devkitPro/libctru/lib\libctru.a(gfx.o)
                0x000000000010697c                gfxSwapBuffersGpu
 .text.shaderInstanceInit
                0x00000000001069cc      0x1d4 C:\devkitPro/libctru/lib\libctru.a(shaderProgram.o)
                0x00000000001069cc                shaderInstanceInit
 .text.shaderInstanceGetUniformLocation
                0x0000000000106ba0       0x18 C:\devkitPro/libctru/lib\libctru.a(shaderProgram.o)
                0x0000000000106ba0                shaderInstanceGetUniformLocation
 .text.shaderProgramInit
                0x0000000000106bb8       0x1c C:\devkitPro/libctru/lib\libctru.a(shaderProgram.o)
                0x0000000000106bb8                shaderProgramInit
 .text.shaderProgramFree
                0x0000000000106bd4       0x64 C:\devkitPro/libctru/lib\libctru.a(shaderProgram.o)
                0x0000000000106bd4                shaderProgramFree
 .text.shaderProgramSetVsh
                0x0000000000106c38       0x80 C:\devkitPro/libctru/lib\libctru.a(shaderProgram.o)
                0x0000000000106c38                shaderProgramSetVsh
 .text.shaderProgramConfigure
                0x0000000000106cb8      0x8e0 C:\devkitPro/libctru/lib\libctru.a(shaderProgram.o)
                0x0000000000106cb8                shaderProgramConfigure
 .text.DVLE_GenerateOutmap.part.0
                0x0000000000107598      0x1cc C:\devkitPro/libctru/lib\libctru.a(shbin.o)
 .text.DVLB_ParseFile
                0x0000000000107764      0x1b4 C:\devkitPro/libctru/lib\libctru.a(shbin.o)
                0x0000000000107764                DVLB_ParseFile
 .text.DVLB_Free
                0x0000000000107918       0x38 C:\devkitPro/libctru/lib\libctru.a(shbin.o)
                0x0000000000107918                DVLB_Free
 .text.DVLE_GetUniformRegister
                0x0000000000107950       0x74 C:\devkitPro/libctru/lib\libctru.a(shbin.o)
                0x0000000000107950                DVLE_GetUniformRegister
 .text.GX_BindQueue
                0x00000000001079c4       0x10 C:\devkitPro/libctru/lib\libctru.a(gx.o)
                0x00000000001079c4                GX_BindQueue
 .text.GX_ProcessCommandList
                0x00000000001079d4       0x78 C:\devkitPro/libctru/lib\libctru.a(gx.o)
                0x00000000001079d4                GX_ProcessCommandList
 .text.GX_MemoryFill
                0x0000000000107a4c       0x74 C:\devkitPro/libctru/lib\libctru.a(gx.o)
                0x0000000000107a4c                GX_MemoryFill
 .text.GX_DisplayTransfer
                0x0000000000107ac0       0x70 C:\devkitPro/libctru/lib\libctru.a(gx.o)
                0x0000000000107ac0                GX_DisplayTransfer
 .text.gxCmdQueueDoCommands.part.0
                0x0000000000107b30       0x68 C:\devkitPro/libctru/lib\libctru.a(gxqueue.o)
 .text.gxCmdQueueInterrupt
                0x0000000000107b98       0xc8 C:\devkitPro/libctru/lib\libctru.a(gxqueue.o)
                0x0000000000107b98                gxCmdQueueInterrupt
 .text.gxCmdQueueClear
                0x0000000000107c60       0x4c C:\devkitPro/libctru/lib\libctru.a(gxqueue.o)
                0x0000000000107c60                gxCmdQueueClear
 .text.gxCmdQueueAdd
                0x0000000000107cac       0xf8 C:\devkitPro/libctru/lib\libctru.a(gxqueue.o)
                0x0000000000107cac                gxCmdQueueAdd
 .text.gxCmdQueueRun
                0x0000000000107da4       0x80 C:\devkitPro/libctru/lib\libctru.a(gxqueue.o)
                0x0000000000107da4                gxCmdQueueRun
 .text.gxCmdQueueStop
                0x0000000000107e24       0x60 C:\devkitPro/libctru/lib\libctru.a(gxqueue.o)
                0x0000000000107e24                gxCmdQueueStop
 .text.gxCmdQueueWait
                0x0000000000107e84       0x74 C:\devkitPro/libctru/lib\libctru.a(gxqueue.o)
                0x0000000000107e84                gxCmdQueueWait
 .text.GPUCMD_Add
                0x0000000000107ef8      0x13c C:\devkitPro/libctru/lib\libctru.a(gpu.o)
                0x0000000000107ef8                GPUCMD_Add
 .text.GPUCMD_Split
                0x0000000000108034       0xb0 C:\devkitPro/libctru/lib\libctru.a(gpu.o)
                0x0000000000108034                GPUCMD_Split
 .text.f32tof16
                0x00000000001080e4       0x34 C:\devkitPro/libctru/lib\libctru.a(gpu.o)
                0x00000000001080e4                f32tof16
 .text.f32tof24
                0x0000000000108118       0x34 C:\devkitPro/libctru/lib\libctru.a(gpu.o)
                0x0000000000108118                f32tof24
 .text.f32tof31
                0x000000000010814c       0x38 C:\devkitPro/libctru/lib\libctru.a(gpu.o)
                0x000000000010814c                f32tof31
 .text.gspHardwareInit
                0x0000000000108184      0xc58 C:\devkitPro/libctru/lib\libctru.a(gspgpu.o)
 .text.gspInit  0x0000000000108ddc      0x248 C:\devkitPro/libctru/lib\libctru.a(gspgpu.o)
                0x0000000000108ddc                gspInit
 .text.gspExit  0x0000000000109024       0xf0 C:\devkitPro/libctru/lib\libctru.a(gspgpu.o)
                0x0000000000109024                gspExit
 .text.gspHasGpuRight
                0x0000000000109114       0x10 C:\devkitPro/libctru/lib\libctru.a(gspgpu.o)
                0x0000000000109114                gspHasGpuRight
 .text.gspPresentBuffer
                0x0000000000109124       0xa0 C:\devkitPro/libctru/lib\libctru.a(gspgpu.o)
                0x0000000000109124                gspPresentBuffer
 .text.gspSetEventCallback
                0x00000000001091c4       0x30 C:\devkitPro/libctru/lib\libctru.a(gspgpu.o)
                0x00000000001091c4                gspSetEventCallback
 .text.gspWaitForEvent
                0x00000000001091f4       0x44 C:\devkitPro/libctru/lib\libctru.a(gspgpu.o)
                0x00000000001091f4                gspWaitForEvent
 .text.gspWaitForAnyEvent
                0x0000000000109238       0x4c C:\devkitPro/libctru/lib\libctru.a(gspgpu.o)
                0x0000000000109238                gspWaitForAnyEvent
 .text.gspEventThreadMain
                0x0000000000109284      0x158 C:\devkitPro/libctru/lib\libctru.a(gspgpu.o)
 .text.gspSubmitGxCommand
                0x00000000001093dc      0x130 C:\devkitPro/libctru/lib\libctru.a(gspgpu.o)
                0x00000000001093dc                gspSubmitGxCommand
 .text.GSPGPU_FlushDataCache
                0x000000000010950c       0x50 C:\devkitPro/libctru/lib\libctru.a(gspgpu.o)
                0x000000000010950c                GSPGPU_FlushDataCache
 .text.GSPGPU_SetLcdForceBlack
                0x000000000010955c       0x34 C:\devkitPro/libctru/lib\libctru.a(gspgpu.o)
                0x000000000010955c                GSPGPU_SetLcdForceBlack
 .text.GSPGPU_AcquireRight
                0x0000000000109590       0x68 C:\devkitPro/libctru/lib\libctru.a(gspgpu.o)
                0x0000000000109590                GSPGPU_AcquireRight
 .text.GSPGPU_ReleaseRight
                0x00000000001095f8       0x48 C:\devkitPro/libctru/lib\libctru.a(gspgpu.o)
                0x00000000001095f8                GSPGPU_ReleaseRight
 .text.GSPGPU_ImportDisplayCaptureInfo
                0x0000000000109640       0x7c C:\devkitPro/libctru/lib\libctru.a(gspgpu.o)
                0x0000000000109640                GSPGPU_ImportDisplayCaptureInfo
 .text.GSPGPU_SaveVramSysArea
                0x00000000001096bc       0x2c C:\devkitPro/libctru/lib\libctru.a(gspgpu.o)
                0x00000000001096bc                GSPGPU_SaveVramSysArea
 .text.GSPGPU_RestoreVramSysArea
                0x00000000001096e8       0x2c C:\devkitPro/libctru/lib\libctru.a(gspgpu.o)
                0x00000000001096e8                GSPGPU_RestoreVramSysArea
 .text.aptConvertScreenForCapture
                0x0000000000109714      0x1a4 C:\devkitPro/libctru/lib\libctru.a(apt.o)
 .text.aptDspSleep
                0x00000000001098b8        0x8 C:\devkitPro/libctru/lib\libctru.a(apt.o)
                0x00000000001098b8                aptDspSleep
 .text.aptDspWakeup
                0x00000000001098c0        0x4 C:\devkitPro/libctru/lib\libctru.a(apt.o)
                0x00000000001098c0                aptDspWakeup
 .text.aptDspCancel
                0x00000000001098c4        0x4 C:\devkitPro/libctru/lib\libctru.a(apt.o)
                0x00000000001098c4                aptDspCancel
 .text.aptSendCommand
                0x00000000001098c8      0x158 C:\devkitPro/libctru/lib\libctru.a(apt.o)
                0x00000000001098c8                aptSendCommand
 .text.aptExitProcess
                0x0000000000109a20       0x44 C:\devkitPro/libctru/lib\libctru.a(apt.o)
 .text.aptExit  0x0000000000109a64      0x2f4 C:\devkitPro/libctru/lib\libctru.a(apt.o)
                0x0000000000109a64                aptExit
 .text.aptHandleSleep
                0x0000000000109d58       0xe0 C:\devkitPro/libctru/lib\libctru.a(apt.o)
                0x0000000000109d58                aptHandleSleep
 .text.aptHook  0x0000000000109e38       0x30 C:\devkitPro/libctru/lib\libctru.a(apt.o)
                0x0000000000109e38                aptHook
 .text.aptUnhook
                0x0000000000109e68       0x30 C:\devkitPro/libctru/lib\libctru.a(apt.o)
                0x0000000000109e68                aptUnhook
 .text.APT_SleepIfShellClosed
                0x0000000000109e98       0x84 C:\devkitPro/libctru/lib\libctru.a(apt.o)
                0x0000000000109e98                APT_SleepIfShellClosed
 .text.aptSetSleepAllowed
                0x0000000000109f1c       0x84 C:\devkitPro/libctru/lib\libctru.a(apt.o)
                0x0000000000109f1c                aptSetSleepAllowed
 .text.APT_UnlockTransition
                0x0000000000109fa0       0x84 C:\devkitPro/libctru/lib\libctru.a(apt.o)
                0x0000000000109fa0                APT_UnlockTransition
 *fill*         0x000000000010a024        0x4 
 .text.aptEventHandler
                0x000000000010a028      0x4a4 C:\devkitPro/libctru/lib\libctru.a(apt.o)
 .text.APT_ReceiveParameter
                0x000000000010a4cc       0xb0 C:\devkitPro/libctru/lib\libctru.a(apt.o)
                0x000000000010a4cc                APT_ReceiveParameter
 .text.aptReceiveParameter.constprop.0
                0x000000000010a57c       0xb0 C:\devkitPro/libctru/lib\libctru.a(apt.o)
 *fill*         0x000000000010a62c        0x4 
 .text.aptScreenTransfer
                0x000000000010a630      0x2ac C:\devkitPro/libctru/lib\libctru.a(apt.o)
 .text.aptWaitForWakeUp.isra.0
                0x000000000010a8dc      0x344 C:\devkitPro/libctru/lib\libctru.a(apt.o)
 .text.aptJumpToHomeMenu
                0x000000000010ac20      0x100 C:\devkitPro/libctru/lib\libctru.a(apt.o)
                0x000000000010ac20                aptJumpToHomeMenu
 .text.aptMainLoop
                0x000000000010ad20       0x48 C:\devkitPro/libctru/lib\libctru.a(apt.o)
                0x000000000010ad20                aptMainLoop
 .text.aptInit  0x000000000010ad68      0x22c C:\devkitPro/libctru/lib\libctru.a(apt.o)
                0x000000000010ad68                aptInit
 .text.APT_CheckNew3DS
                0x000000000010af94       0x7c C:\devkitPro/libctru/lib\libctru.a(apt.o)
                0x000000000010af94                APT_CheckNew3DS
 .text.hidShouldUseIrrst
                0x000000000010b010       0x24 C:\devkitPro/libctru/lib\libctru.a(hid.o)
                0x000000000010b010                hidShouldUseIrrst
 .text.hidInit  0x000000000010b034      0x18c C:\devkitPro/libctru/lib\libctru.a(hid.o)
                0x000000000010b034                hidInit
 .text.hidExit  0x000000000010b1c0       0xe8 C:\devkitPro/libctru/lib\libctru.a(hid.o)
                0x000000000010b1c0                hidExit
 .text.hidScanInput
                0x000000000010b2a8      0x2a4 C:\devkitPro/libctru/lib\libctru.a(hid.o)
                0x000000000010b2a8                hidScanInput
 .text.hidKeysHeld
                0x000000000010b54c       0x10 C:\devkitPro/libctru/lib\libctru.a(hid.o)
                0x000000000010b54c                hidKeysHeld
 .text.ptmSysmInit
                0x000000000010b55c       0x74 C:\devkitPro/libctru/lib\libctru.a(ptmsysm.o)
                0x000000000010b55c                ptmSysmInit
 .text.ptmSysmExit
                0x000000000010b5d0       0x3c C:\devkitPro/libctru/lib\libctru.a(ptmsysm.o)
                0x000000000010b5d0                ptmSysmExit
 .text.PTMSYSM_ConfigureNew3DSCPU
                0x000000000010b60c       0x34 C:\devkitPro/libctru/lib\libctru.a(ptmsysm.o)
                0x000000000010b60c                PTMSYSM_ConfigureNew3DSCPU
 .text.rbtree_init
                0x000000000010b640       0x10 C:\devkitPro/libctru/lib\libctru.a(rbtree_init.o)
                0x000000000010b640                rbtree_init
 .text.do_insert
                0x000000000010b650      0x1b4 C:\devkitPro/libctru/lib\libctru.a(rbtree_insert.o)
 .text.rbtree_insert
                0x000000000010b804        0x8 C:\devkitPro/libctru/lib\libctru.a(rbtree_insert.o)
                0x000000000010b804                rbtree_insert
 .text.rbtree_rotate
                0x000000000010b80c       0x90 C:\devkitPro/libctru/lib\libctru.a(rbtree_rotate.o)
                0x000000000010b80c                rbtree_rotate
 .text.rbtree_remove
                0x000000000010b89c      0x318 C:\devkitPro/libctru/lib\libctru.a(rbtree_remove.o)
                0x000000000010b89c                rbtree_remove
 .text.rbtree_find
                0x000000000010bbb4       0x74 C:\devkitPro/libctru/lib\libctru.a(rbtree_find.o)
                0x000000000010bbb4                rbtree_find
 .text.__system_allocateHeaps
                0x000000000010bc28      0x1e0 C:\devkitPro/libctru/lib\libctru.a(allocateHeaps.o)
                0x000000000010bc28                __system_allocateHeaps
 .text.__libctru_init
                0x000000000010be08       0x38 C:\devkitPro/libctru/lib\libctru.a(ctru_init.o)
                0x000000000010be08                __libctru_init
 .text.__system_initArgv
                0x000000000010be40      0x170 C:\devkitPro/libctru/lib\libctru.a(initArgv.o)
                0x000000000010be40                __system_initArgv
 .text.svcControlMemory
                0x000000000010bfb0       0x20 C:\devkitPro/libctru/lib\libctru.a(svc.o)
                0x000000000010bfb0                svcControlMemory
 .text.svcQueryMemory
                0x000000000010bfd0       0x30 C:\devkitPro/libctru/lib\libctru.a(svc.o)
                0x000000000010bfd0                svcQueryMemory
 .text.svcExitProcess
                0x000000000010c000        0x8 C:\devkitPro/libctru/lib\libctru.a(svc.o)
                0x000000000010c000                svcExitProcess
 .text.svcCreateThread
                0x000000000010c008       0x20 C:\devkitPro/libctru/lib\libctru.a(svc.o)
                0x000000000010c008                svcCreateThread
 .text.svcExitThread
                0x000000000010c028        0x8 C:\devkitPro/libctru/lib\libctru.a(svc.o)
                0x000000000010c028                svcExitThread
 .text.svcSleepThread
                0x000000000010c030        0x8 C:\devkitPro/libctru/lib\libctru.a(svc.o)
                0x000000000010c030                svcSleepThread
 .text.svcReleaseMutex
                0x000000000010c038        0x8 C:\devkitPro/libctru/lib\libctru.a(svc.o)
                0x000000000010c038                svcReleaseMutex
 .text.svcCreateEvent
                0x000000000010c040       0x14 C:\devkitPro/libctru/lib\libctru.a(svc.o)
                0x000000000010c040                svcCreateEvent
 .text.svcSignalEvent
                0x000000000010c054        0x8 C:\devkitPro/libctru/lib\libctru.a(svc.o)
                0x000000000010c054                svcSignalEvent
 .text.svcClearEvent
                0x000000000010c05c        0x8 C:\devkitPro/libctru/lib\libctru.a(svc.o)
                0x000000000010c05c                svcClearEvent
 .text.svcMapMemoryBlock
                0x000000000010c064        0x8 C:\devkitPro/libctru/lib\libctru.a(svc.o)
                0x000000000010c064                svcMapMemoryBlock
 .text.svcUnmapMemoryBlock
                0x000000000010c06c        0x8 C:\devkitPro/libctru/lib\libctru.a(svc.o)
                0x000000000010c06c                svcUnmapMemoryBlock
 .text.svcCreateAddressArbiter
                0x000000000010c074       0x14 C:\devkitPro/libctru/lib\libctru.a(svc.o)
                0x000000000010c074                svcCreateAddressArbiter
 .text.svcArbitrateAddressNoTimeout
                0x000000000010c088        0x8 C:\devkitPro/libctru/lib\libctru.a(svc.o)
                0x000000000010c088                svcArbitrateAddressNoTimeout
 .text.svcCloseHandle
                0x000000000010c090        0x8 C:\devkitPro/libctru/lib\libctru.a(svc.o)
                0x000000000010c090                svcCloseHandle
 .text.svcWaitSynchronization
                0x000000000010c098        0x8 C:\devkitPro/libctru/lib\libctru.a(svc.o)
                0x000000000010c098                svcWaitSynchronization
 .text.svcWaitSynchronizationN
                0x000000000010c0a0       0x28 C:\devkitPro/libctru/lib\libctru.a(svc.o)
                0x000000000010c0a0                svcWaitSynchronizationN
 .text.svcDuplicateHandle
                0x000000000010c0c8       0x14 C:\devkitPro/libctru/lib\libctru.a(svc.o)
                0x000000000010c0c8                svcDuplicateHandle
 .text.svcGetSystemTick
                0x000000000010c0dc        0x8 C:\devkitPro/libctru/lib\libctru.a(svc.o)
                0x000000000010c0dc                svcGetSystemTick
 .text.svcConnectToPort
                0x000000000010c0e4       0x14 C:\devkitPro/libctru/lib\libctru.a(svc.o)
                0x000000000010c0e4                svcConnectToPort
 .text.svcSendSyncRequest
                0x000000000010c0f8        0x8 C:\devkitPro/libctru/lib\libctru.a(svc.o)
                0x000000000010c0f8                svcSendSyncRequest
 .text.svcGetResourceLimit
                0x000000000010c100       0x14 C:\devkitPro/libctru/lib\libctru.a(svc.o)
                0x000000000010c100                svcGetResourceLimit
 .text.svcGetResourceLimitLimitValues
                0x000000000010c114        0x8 C:\devkitPro/libctru/lib\libctru.a(svc.o)
                0x000000000010c114                svcGetResourceLimitLimitValues
 .text.svcGetResourceLimitCurrentValues
                0x000000000010c11c        0x8 C:\devkitPro/libctru/lib\libctru.a(svc.o)
                0x000000000010c11c                svcGetResourceLimitCurrentValues
 .text.svcBreak
                0x000000000010c124        0x8 C:\devkitPro/libctru/lib\libctru.a(svc.o)
                0x000000000010c124                svcBreak
 .text.initSystem
                0x000000000010c12c       0x50 C:\devkitPro/libctru/lib\libctru.a(stack_adjust.o)
                0x000000000010c12c                initSystem
 .text.__ctru_exit
                0x000000000010c17c       0x18 C:\devkitPro/libctru/lib\libctru.a(stack_adjust.o)
                0x000000000010c17c                __ctru_exit
 .text.__sync_init
                0x000000000010c194        0xc C:\devkitPro/libctru/lib\libctru.a(synchronization.o)
                0x000000000010c194                __sync_init
 .text.__sync_fini
                0x000000000010c1a0       0x18 C:\devkitPro/libctru/lib\libctru.a(synchronization.o)
                0x000000000010c1a0                __sync_fini
 .text.syncArbitrateAddress
                0x000000000010c1b8       0x2c C:\devkitPro/libctru/lib\libctru.a(synchronization.o)
                0x000000000010c1b8                syncArbitrateAddress
 .text.LightLock_Lock
                0x000000000010c1e4       0xb0 C:\devkitPro/libctru/lib\libctru.a(synchronization.o)
                0x000000000010c1e4                LightLock_Lock
 .text.LightLock_Unlock
                0x000000000010c294       0x40 C:\devkitPro/libctru/lib\libctru.a(synchronization.o)
                0x000000000010c294                LightLock_Unlock
 .text.RecursiveLock_Init
                0x000000000010c2d4       0x24 C:\devkitPro/libctru/lib\libctru.a(synchronization.o)
                0x000000000010c2d4                RecursiveLock_Init
 .text.RecursiveLock_Lock
                0x000000000010c2f8       0x30 C:\devkitPro/libctru/lib\libctru.a(synchronization.o)
                0x000000000010c2f8                RecursiveLock_Lock
 .text.RecursiveLock_Unlock
                0x000000000010c328       0x54 C:\devkitPro/libctru/lib\libctru.a(synchronization.o)
                0x000000000010c328                RecursiveLock_Unlock
 .text.LightEvent_Init
                0x000000000010c37c       0x40 C:\devkitPro/libctru/lib\libctru.a(synchronization.o)
                0x000000000010c37c                LightEvent_Init
 .text.LightEvent_Clear
                0x000000000010c3bc       0xa4 C:\devkitPro/libctru/lib\libctru.a(synchronization.o)
                0x000000000010c3bc                LightEvent_Clear
 .text.LightEvent_Signal
                0x000000000010c460       0xc8 C:\devkitPro/libctru/lib\libctru.a(synchronization.o)
                0x000000000010c460                LightEvent_Signal
 .text.LightEvent_TryWait
                0x000000000010c528       0x50 C:\devkitPro/libctru/lib\libctru.a(synchronization.o)
                0x000000000010c528                LightEvent_TryWait
 .text.LightEvent_Wait
                0x000000000010c578       0xb0 C:\devkitPro/libctru/lib\libctru.a(synchronization.o)
                0x000000000010c578                LightEvent_Wait
 .text.srvInit  0x000000000010c628      0x130 C:\devkitPro/libctru/lib\libctru.a(srv.o)
                0x000000000010c628                srvInit
 .text.srvExit  0x000000000010c758       0x58 C:\devkitPro/libctru/lib\libctru.a(srv.o)
                0x000000000010c758                srvExit
 .text.srvGetServiceHandleDirect
                0x000000000010c7b0       0xa0 C:\devkitPro/libctru/lib\libctru.a(srv.o)
                0x000000000010c7b0                srvGetServiceHandleDirect
 .text.srvGetServiceHandle
                0x000000000010c850       0x38 C:\devkitPro/libctru/lib\libctru.a(srv.o)
                0x000000000010c850                srvGetServiceHandle
 .text.srvPublishToSubscriber
                0x000000000010c888       0x38 C:\devkitPro/libctru/lib\libctru.a(srv.o)
                0x000000000010c888                srvPublishToSubscriber
 .text.threadCreate
                0x000000000010c8c0      0x178 C:\devkitPro/libctru/lib\libctru.a(thread.o)
                0x000000000010c8c0                threadCreate
 .text.threadFree
                0x000000000010ca38       0x2c C:\devkitPro/libctru/lib\libctru.a(thread.o)
                0x000000000010ca38                threadFree
 .text.threadJoin
                0x000000000010ca64       0x24 C:\devkitPro/libctru/lib\libctru.a(thread.o)
                0x000000000010ca64                threadJoin
 .text.threadGetCurrent
                0x000000000010ca88       0x30 C:\devkitPro/libctru/lib\libctru.a(thread.o)
                0x000000000010ca88                threadGetCurrent
 .text.threadExit
                0x000000000010cab8       0x40 C:\devkitPro/libctru/lib\libctru.a(thread.o)
                0x000000000010cab8                threadExit
 .text._thread_begin
                0x000000000010caf8       0x20 C:\devkitPro/libctru/lib\libctru.a(thread.o)
 .text.mappableFindAddressWithin
                0x000000000010cb18       0xb4 C:\devkitPro/libctru/lib\libctru.a(mappable.o)
 .text.mappableInit
                0x000000000010cbcc       0x28 C:\devkitPro/libctru/lib\libctru.a(mappable.o)
                0x000000000010cbcc                mappableInit
 .text.mappableAlloc
                0x000000000010cbf4       0x80 C:\devkitPro/libctru/lib\libctru.a(mappable.o)
                0x000000000010cbf4                mappableAlloc
 .text.mappableFree
                0x000000000010cc74        0x4 C:\devkitPro/libctru/lib\libctru.a(mappable.o)
                0x000000000010cc74                mappableFree
 .text.irrstInit
                0x000000000010cc78      0x164 C:\devkitPro/libctru/lib\libctru.a(irrst.o)
                0x000000000010cc78                irrstInit
 .text.irrstExit
                0x000000000010cddc       0xcc C:\devkitPro/libctru/lib\libctru.a(irrst.o)
                0x000000000010cddc                irrstExit
 .text.irrstScanInput
                0x000000000010cea8       0xb4 C:\devkitPro/libctru/lib\libctru.a(irrst.o)
                0x000000000010cea8                irrstScanInput
 .text.irrstKeysHeld
                0x000000000010cf5c       0x24 C:\devkitPro/libctru/lib\libctru.a(irrst.o)
                0x000000000010cf5c                irrstKeysHeld
 .text.srvPmGetSessionHandle
                0x000000000010cf80        0xc C:\devkitPro/libctru/lib\libctru.a(srvpm.o)
                0x000000000010cf80                srvPmGetSessionHandle
 .text.rbtree_node_next
                0x000000000010cf8c       0x5c C:\devkitPro/libctru/lib\libctru.a(rbtree_iterator.o)
                0x000000000010cf8c                rbtree_node_next
 .text.__appInit
                0x000000000010cfe8       0x30 C:\devkitPro/libctru/lib\libctru.a(appInit.o)
                0x000000000010cfe8                __appInit
 .text.__syscall_getreent
                0x000000000010d018       0x30 C:\devkitPro/libctru/lib\libctru.a(syscalls.o)
                0x000000000010d018                __syscall_getreent
 .text.__syscall_lock_acquire
                0x000000000010d048        0x4 C:\devkitPro/libctru/lib\libctru.a(syscalls.o)
                0x000000000010d048                __syscall_lock_acquire
 .text.__syscall_lock_release
                0x000000000010d04c        0x4 C:\devkitPro/libctru/lib\libctru.a(syscalls.o)
                0x000000000010d04c                __syscall_lock_release
 .text.__syscall_lock_init_recursive
                0x000000000010d050        0x4 C:\devkitPro/libctru/lib\libctru.a(syscalls.o)
                0x000000000010d050                __syscall_lock_init_recursive
 .text.__syscall_lock_acquire_recursive
                0x000000000010d054        0x4 C:\devkitPro/libctru/lib\libctru.a(syscalls.o)
                0x000000000010d054                __syscall_lock_acquire_recursive
 .text.__syscall_lock_release_recursive
                0x000000000010d058        0x4 C:\devkitPro/libctru/lib\libctru.a(syscalls.o)
                0x000000000010d058                __syscall_lock_release_recursive
 .text.__syscall_exit
                0x000000000010d05c        0x4 C:\devkitPro/libctru/lib\libctru.a(syscalls.o)
                0x000000000010d05c                __syscall_exit
 .text.initThreadVars
                0x000000000010d060       0x50 C:\devkitPro/libctru/lib\libctru.a(syscalls.o)
                0x000000000010d060                initThreadVars
 .text.__system_initSyscalls
                0x000000000010d0b0       0x68 C:\devkitPro/libctru/lib\libctru.a(syscalls.o)
                0x000000000010d0b0                __system_initSyscalls
 .text.__appExit
                0x000000000010d118       0x30 C:\devkitPro/libctru/lib\libctru.a(appExit.o)
                0x000000000010d118                __appExit
 .text.__libctru_exit
                0x000000000010d148       0x90 C:\devkitPro/libctru/lib\libctru.a(ctru_exit.o)
                0x000000000010d148                __libctru_exit
 .text.envGetHandle
                0x000000000010d1d8       0x84 C:\devkitPro/libctru/lib\libctru.a(env.o)
                0x000000000010d1d8                envGetHandle
 .text.envDestroyHandles
                0x000000000010d25c       0x50 C:\devkitPro/libctru/lib\libctru.a(env.o)
                0x000000000010d25c                envDestroyHandles
 .text.archive_link
                0x000000000010d2ac       0x14 C:\devkitPro/libctru/lib\libctru.a(archive_dev.o)
 .text.archive_dirreset
                0x000000000010d2c0       0x14 C:\devkitPro/libctru/lib\libctru.a(archive_dev.o)
 .text.archive_chmod
                0x000000000010d2d4       0x14 C:\devkitPro/libctru/lib\libctru.a(archive_dev.o)
 .text.error_cmp
                0x000000000010d2e8       0x24 C:\devkitPro/libctru/lib\libctru.a(archive_dev.o)
 .text.archive_translate_error
                0x000000000010d30c       0x50 C:\devkitPro/libctru/lib\libctru.a(archive_dev.o)
 .text.archive_seek
                0x000000000010d35c       0xc8 C:\devkitPro/libctru/lib\libctru.a(archive_dev.o)
 .text._archiveInit.part.0
                0x000000000010d424       0x7c C:\devkitPro/libctru/lib\libctru.a(archive_dev.o)
 .text.archiveFindDevice.part.0
                0x000000000010d4a0       0xc4 C:\devkitPro/libctru/lib\libctru.a(archive_dev.o)
 .text.archive_utf16path
                0x000000000010d564      0x25c C:\devkitPro/libctru/lib\libctru.a(archive_dev.o)
 .text._archiveUnmountDeviceStruct.part.0
                0x000000000010d7c0       0xa0 C:\devkitPro/libctru/lib\libctru.a(archive_dev.o)
 .text.archive_fchmod
                0x000000000010d860       0x14 C:\devkitPro/libctru/lib\libctru.a(archive_dev.o)
 .text.archive_statvfs
                0x000000000010d874       0x14 C:\devkitPro/libctru/lib\libctru.a(archive_dev.o)
 .text._archiveMountDevice
                0x000000000010d888      0x164 C:\devkitPro/libctru/lib\libctru.a(archive_dev.o)
 .text.archive_diropen
                0x000000000010d9ec       0xe8 C:\devkitPro/libctru/lib\libctru.a(archive_dev.o)
 .text.archive_fstat
                0x000000000010dad4       0xa4 C:\devkitPro/libctru/lib\libctru.a(archive_dev.o)
 .text.archive_close
                0x000000000010db78       0x6c C:\devkitPro/libctru/lib\libctru.a(archive_dev.o)
 .text.archive_fsync
                0x000000000010dbe4       0x6c C:\devkitPro/libctru/lib\libctru.a(archive_dev.o)
 .text.archive_dirclose
                0x000000000010dc50       0x70 C:\devkitPro/libctru/lib\libctru.a(archive_dev.o)
 .text.sdmc_statvfs
                0x000000000010dcc0       0xe8 C:\devkitPro/libctru/lib\libctru.a(archive_dev.o)
 .text.archive_chdir
                0x000000000010dda8       0xec C:\devkitPro/libctru/lib\libctru.a(archive_dev.o)
 .text.archive_ftruncate
                0x000000000010de94       0x7c C:\devkitPro/libctru/lib\libctru.a(archive_dev.o)
 .text.archive_read
                0x000000000010df10       0xac C:\devkitPro/libctru/lib\libctru.a(archive_dev.o)
 .text.archive_unlink
                0x000000000010dfbc       0xa4 C:\devkitPro/libctru/lib\libctru.a(archive_dev.o)
 .text.archive_rmdir
                0x000000000010e060       0xbc C:\devkitPro/libctru/lib\libctru.a(archive_dev.o)
 .text.archive_mkdir
                0x000000000010e11c       0xdc C:\devkitPro/libctru/lib\libctru.a(archive_dev.o)
 .text.archive_stat
                0x000000000010e1f8      0x19c C:\devkitPro/libctru/lib\libctru.a(archive_dev.o)
 .text.archive_dirnext
                0x000000000010e394      0x15c C:\devkitPro/libctru/lib\libctru.a(archive_dev.o)
 .text.archive_write
                0x000000000010e4f0       0xec C:\devkitPro/libctru/lib\libctru.a(archive_dev.o)
 .text.archive_open
                0x000000000010e5dc      0x1d4 C:\devkitPro/libctru/lib\libctru.a(archive_dev.o)
 .text.archive_rename
                0x000000000010e7b0      0x278 C:\devkitPro/libctru/lib\libctru.a(archive_dev.o)
 .text.archiveMountSdmc
                0x000000000010ea28      0x19c C:\devkitPro/libctru/lib\libctru.a(archive_dev.o)
                0x000000000010ea28                archiveMountSdmc
 .text.archiveUnmountAll
                0x000000000010ebc4       0x54 C:\devkitPro/libctru/lib\libctru.a(archive_dev.o)
                0x000000000010ebc4                archiveUnmountAll
 .text.fsInit   0x000000000010ec18       0xcc C:\devkitPro/libctru/lib\libctru.a(fs.o)
                0x000000000010ec18                fsInit
 .text.fsExit   0x000000000010ece4       0x3c C:\devkitPro/libctru/lib\libctru.a(fs.o)
                0x000000000010ece4                fsExit
 .text.fsExemptFromSession
                0x000000000010ed20       0x60 C:\devkitPro/libctru/lib\libctru.a(fs.o)
                0x000000000010ed20                fsExemptFromSession
 .text.fsUnexemptFromSession
                0x000000000010ed80       0x50 C:\devkitPro/libctru/lib\libctru.a(fs.o)
                0x000000000010ed80                fsUnexemptFromSession
 .text.FSUSER_OpenFile
                0x000000000010edd0       0xcc C:\devkitPro/libctru/lib\libctru.a(fs.o)
                0x000000000010edd0                FSUSER_OpenFile
 .text.FSUSER_DeleteFile
                0x000000000010ee9c       0xbc C:\devkitPro/libctru/lib\libctru.a(fs.o)
                0x000000000010ee9c                FSUSER_DeleteFile
 .text.FSUSER_RenameFile
                0x000000000010ef58       0xf8 C:\devkitPro/libctru/lib\libctru.a(fs.o)
                0x000000000010ef58                FSUSER_RenameFile
 .text.FSUSER_DeleteDirectory
                0x000000000010f050       0xbc C:\devkitPro/libctru/lib\libctru.a(fs.o)
                0x000000000010f050                FSUSER_DeleteDirectory
 .text.FSUSER_CreateFile
                0x000000000010f10c       0xd4 C:\devkitPro/libctru/lib\libctru.a(fs.o)
                0x000000000010f10c                FSUSER_CreateFile
 .text.FSUSER_CreateDirectory
                0x000000000010f1e0       0xc4 C:\devkitPro/libctru/lib\libctru.a(fs.o)
                0x000000000010f1e0                FSUSER_CreateDirectory
 .text.FSUSER_RenameDirectory
                0x000000000010f2a4       0xf8 C:\devkitPro/libctru/lib\libctru.a(fs.o)
                0x000000000010f2a4                FSUSER_RenameDirectory
 .text.FSUSER_OpenDirectory
                0x000000000010f39c       0xb4 C:\devkitPro/libctru/lib\libctru.a(fs.o)
                0x000000000010f39c                FSUSER_OpenDirectory
 .text.FSUSER_OpenArchive
                0x000000000010f450       0x98 C:\devkitPro/libctru/lib\libctru.a(fs.o)
                0x000000000010f450                FSUSER_OpenArchive
 .text.FSUSER_CloseArchive
                0x000000000010f4e8       0x8c C:\devkitPro/libctru/lib\libctru.a(fs.o)
                0x000000000010f4e8                FSUSER_CloseArchive
 .text.FSUSER_GetSdmcArchiveResource
                0x000000000010f574       0x74 C:\devkitPro/libctru/lib\libctru.a(fs.o)
                0x000000000010f574                FSUSER_GetSdmcArchiveResource
 .text.FSUSER_IsSdmcWritable
                0x000000000010f5e8       0x64 C:\devkitPro/libctru/lib\libctru.a(fs.o)
                0x000000000010f5e8                FSUSER_IsSdmcWritable
 .text.FSFILE_Read
                0x000000000010f64c       0x58 C:\devkitPro/libctru/lib\libctru.a(fs.o)
                0x000000000010f64c                FSFILE_Read
 .text.FSFILE_Write
                0x000000000010f6a4       0x60 C:\devkitPro/libctru/lib\libctru.a(fs.o)
                0x000000000010f6a4                FSFILE_Write
 .text.FSFILE_GetSize
                0x000000000010f704       0x3c C:\devkitPro/libctru/lib\libctru.a(fs.o)
                0x000000000010f704                FSFILE_GetSize
 .text.FSFILE_SetSize
                0x000000000010f740       0x28 C:\devkitPro/libctru/lib\libctru.a(fs.o)
                0x000000000010f740                FSFILE_SetSize
 .text.FSFILE_Close
                0x000000000010f768       0x3c C:\devkitPro/libctru/lib\libctru.a(fs.o)
                0x000000000010f768                FSFILE_Close
 .text.FSFILE_Flush
                0x000000000010f7a4       0x24 C:\devkitPro/libctru/lib\libctru.a(fs.o)
                0x000000000010f7a4                FSFILE_Flush
 .text.FSDIR_Read
                0x000000000010f7c8       0x50 C:\devkitPro/libctru/lib\libctru.a(fs.o)
                0x000000000010f7c8                FSDIR_Read
 .text.FSDIR_Close
                0x000000000010f818       0x3c C:\devkitPro/libctru/lib\libctru.a(fs.o)
                0x000000000010f818                FSDIR_Close
 .text.utf16_to_utf8
                0x000000000010f854       0xe8 C:\devkitPro/libctru/lib\libctru.a(utf16_to_utf8.o)
                0x000000000010f854                utf16_to_utf8
 .text.decode_utf16
                0x000000000010f93c       0x64 C:\devkitPro/libctru/lib\libctru.a(decode_utf16.o)
                0x000000000010f93c                decode_utf16
 .text.decode_utf8
                0x000000000010f9a0      0x13c C:\devkitPro/libctru/lib\libctru.a(decode_utf8.o)
                0x000000000010f9a0                decode_utf8
 .text.utf8_to_utf16
                0x000000000010fadc       0xc0 C:\devkitPro/libctru/lib\libctru.a(utf8_to_utf16.o)
                0x000000000010fadc                utf8_to_utf16
 .text.__aeabi_read_tp
                0x000000000010fb9c        0xc C:\devkitPro/libctru/lib\libctru.a(readtp.o)
                0x000000000010fb9c                __aeabi_read_tp
 .text.encode_utf16
                0x000000000010fba8       0x54 C:\devkitPro/libctru/lib\libctru.a(encode_utf16.o)
                0x000000000010fba8                encode_utf16
 .text.encode_utf8
                0x000000000010fbfc       0xe0 C:\devkitPro/libctru/lib\libctru.a(encode_utf8.o)
                0x000000000010fbfc                encode_utf8
 .text.__udivmoddi4
                0x000000000010fcdc      0x120 c:/devkitpro/devkitarm/bin/../lib/gcc/arm-none-eabi/12.1.0/armv6k/fpu\libgcc.a(_udivmoddi4.o)
                0x000000000010fcdc                __udivmoddi4
 .text.bsearch  0x000000000010fdfc       0x78 c:/devkitpro/devkitarm/bin/../lib/gcc/arm-none-eabi/12.1.0/../../../../arm-none-eabi/lib/armv6k/fpu\libg.a(lib_a-bsearch.o)
                0x000000000010fdfc                bsearch
 .text.calloc   0x000000000010fe74       0x20 c:/devkitpro/devkitarm/bin/../lib/gcc/arm-none-eabi/12.1.0/../../../../arm-none-eabi/lib/armv6k/fpu\libg.a(lib_a-calloc.o)
                0x000000000010fe74                calloc
 .text._calloc_r
                0x000000000010fe94       0xc0 c:/devkitpro/devkitarm/bin/../lib/gcc/arm-none-eabi/12.1.0/../../../../arm-none-eabi/lib/armv6k/fpu\libg.a(lib_a-callocr.o)
                0x000000000010fe94                _calloc_r
 .text.__errno  0x000000000010ff54        0xc c:/devkitpro/devkitarm/bin/../lib/gcc/arm-none-eabi/12.1.0/../../../../arm-none-eabi/lib/armv6k/fpu\libg.a(lib_a-errno.o)
                0x000000000010ff54                __errno
 .text.exit     0x000000000010ff60       0x34 c:/devkitpro/devkitarm/bin/../lib/gcc/arm-none-eabi/12.1.0/../../../../arm-none-eabi/lib/armv6k/fpu\libg.a(lib_a-exit.o)
                0x000000000010ff60                exit
 .text.__sflush_r
                0x000000000010ff94      0x234 c:/devkitpro/devkitarm/bin/../lib/gcc/arm-none-eabi/12.1.0/../../../../arm-none-eabi/lib/armv6k/fpu\libg.a(lib_a-fflush.o)
                0x000000000010ff94                __sflush_r
 .text._fflush_r
                0x00000000001101c8       0x94 c:/devkitpro/devkitarm/bin/../lib/gcc/arm-none-eabi/12.1.0/../../../../arm-none-eabi/lib/armv6k/fpu\libg.a(lib_a-fflush.o)
                0x00000000001101c8                _fflush_r
 .text._cleanup_r
                0x000000000011025c        0xc c:/devkitpro/devkitarm/bin/../lib/gcc/arm-none-eabi/12.1.0/../../../../arm-none-eabi/lib/armv6k/fpu\libg.a(lib_a-findfp.o)
                0x000000000011025c                _cleanup_r
 .text.__sinit  0x0000000000110268      0x184 c:/devkitpro/devkitarm/bin/../lib/gcc/arm-none-eabi/12.1.0/../../../../arm-none-eabi/lib/armv6k/fpu\libg.a(lib_a-findfp.o)
                0x0000000000110268                __sinit
 .text.__sfp_lock_acquire
                0x00000000001103ec        0xc c:/devkitpro/devkitarm/bin/../lib/gcc/arm-none-eabi/12.1.0/../../../../arm-none-eabi/lib/armv6k/fpu\libg.a(lib_a-findfp.o)
                0x00000000001103ec                __sfp_lock_acquire
 .text.__sfp_lock_release
                0x00000000001103f8        0xc c:/devkitpro/devkitarm/bin/../lib/gcc/arm-none-eabi/12.1.0/../../../../arm-none-eabi/lib/armv6k/fpu\libg.a(lib_a-findfp.o)
                0x00000000001103f8                __sfp_lock_release
 .text.__libc_fini_array
                0x0000000000110404       0x3c c:/devkitpro/devkitarm/bin/../lib/gcc/arm-none-eabi/12.1.0/../../../../arm-none-eabi/lib/armv6k/fpu\libg.a(lib_a-fini.o)
                0x0000000000110404                __libc_fini_array
 .text._malloc_trim_r
                0x0000000000110440       0xf8 c:/devkitpro/devkitarm/bin/../lib/gcc/arm-none-eabi/12.1.0/../../../../arm-none-eabi/lib/armv6k/fpu\libg.a(lib_a-freer.o)
                0x0000000000110440                _malloc_trim_r
 .text._free_r  0x0000000000110538      0x2e8 c:/devkitpro/devkitarm/bin/../lib/gcc/arm-none-eabi/12.1.0/../../../../arm-none-eabi/lib/armv6k/fpu\libg.a(lib_a-freer.o)
                0x0000000000110538                _free_r
 .text._fwalk_reent
                0x0000000000110820       0x70 c:/devkitpro/devkitarm/bin/../lib/gcc/arm-none-eabi/12.1.0/../../../../arm-none-eabi/lib/armv6k/fpu\libg.a(lib_a-fwalk.o)
                0x0000000000110820                _fwalk_reent
 .text.__libc_init_array
                0x0000000000110890       0x84 c:/devkitpro/devkitarm/bin/../lib/gcc/arm-none-eabi/12.1.0/../../../../arm-none-eabi/lib/armv6k/fpu\libg.a(lib_a-init.o)
                0x0000000000110890                __libc_init_array
 .text.memalign
                0x0000000000110914       0x20 c:/devkitpro/devkitarm/bin/../lib/gcc/arm-none-eabi/12.1.0/../../../../arm-none-eabi/lib/armv6k/fpu\libg.a(lib_a-malign.o)
                0x0000000000110914                memalign
 .text._memalign_r
                0x0000000000110934      0x14c c:/devkitpro/devkitarm/bin/../lib/gcc/arm-none-eabi/12.1.0/../../../../arm-none-eabi/lib/armv6k/fpu\libg.a(lib_a-malignr.o)
                0x0000000000110934                _memalign_r
 .text.malloc   0x0000000000110a80       0x18 c:/devkitpro/devkitarm/bin/../lib/gcc/arm-none-eabi/12.1.0/../../../../arm-none-eabi/lib/armv6k/fpu\libg.a(lib_a-malloc.o)
                0x0000000000110a80                malloc
 .text.free     0x0000000000110a98       0x18 c:/devkitpro/devkitarm/bin/../lib/gcc/arm-none-eabi/12.1.0/../../../../arm-none-eabi/lib/armv6k/fpu\libg.a(lib_a-malloc.o)
                0x0000000000110a98                free
 .text._malloc_r
                0x0000000000110ab0      0x7e4 c:/devkitpro/devkitarm/bin/../lib/gcc/arm-none-eabi/12.1.0/../../../../arm-none-eabi/lib/armv6k/fpu\libg.a(lib_a-mallocr.o)
                0x0000000000110ab0                _malloc_r
 .text.memchr   0x0000000000111294       0xe4 c:/devkitpro/devkitarm/bin/../lib/gcc/arm-none-eabi/12.1.0/../../../../arm-none-eabi/lib/armv6k/fpu\libg.a(lib_a-memchr-stub.o)
                0x0000000000111294                memchr
 .text.memcpy   0x0000000000111378      0x118 c:/devkitpro/devkitarm/bin/../lib/gcc/arm-none-eabi/12.1.0/../../../../arm-none-eabi/lib/armv6k/fpu\libg.a(lib_a-memcpy-stub.o)
                0x0000000000111378                memcpy
 .text.memset   0x0000000000111490       0xf4 c:/devkitpro/devkitarm/bin/../lib/gcc/arm-none-eabi/12.1.0/../../../../arm-none-eabi/lib/armv6k/fpu\libg.a(lib_a-memset.o)
                0x0000000000111490                memset
 .text.__malloc_lock
                0x0000000000111584        0xc c:/devkitpro/devkitarm/bin/../lib/gcc/arm-none-eabi/12.1.0/../../../../arm-none-eabi/lib/armv6k/fpu\libg.a(lib_a-mlock.o)
                0x0000000000111584                __malloc_lock
 .text.__malloc_unlock
                0x0000000000111590        0xc c:/devkitpro/devkitarm/bin/../lib/gcc/arm-none-eabi/12.1.0/../../../../arm-none-eabi/lib/armv6k/fpu\libg.a(lib_a-mlock.o)
                0x0000000000111590                __malloc_unlock
 .text.printf   0x000000000011159c       0x34 c:/devkitpro/devkitarm/bin/../lib/gcc/arm-none-eabi/12.1.0/../../../../arm-none-eabi/lib/armv6k/fpu\libg.a(lib_a-printf.o)
                0x000000000011159c                printf
 .text.setvbuf  0x00000000001115d0      0x25c c:/devkitpro/devkitarm/bin/../lib/gcc/arm-none-eabi/12.1.0/../../../../arm-none-eabi/lib/armv6k/fpu\libg.a(lib_a-setvbuf.o)
                0x00000000001115d0                setvbuf
 .text.sscanf   0x000000000011182c       0x74 c:/devkitpro/devkitarm/bin/../lib/gcc/arm-none-eabi/12.1.0/../../../../arm-none-eabi/lib/armv6k/fpu\libg.a(lib_a-sscanf.o)
                0x000000000011182c                sscanf
 .text.__sread  0x00000000001118a0       0x44 c:/devkitpro/devkitarm/bin/../lib/gcc/arm-none-eabi/12.1.0/../../../../arm-none-eabi/lib/armv6k/fpu\libg.a(lib_a-stdio.o)
                0x00000000001118a0                __sread
 .text.__seofread
                0x00000000001118e4        0x8 c:/devkitpro/devkitarm/bin/../lib/gcc/arm-none-eabi/12.1.0/../../../../arm-none-eabi/lib/armv6k/fpu\libg.a(lib_a-stdio.o)
                0x00000000001118e4                __seofread
 .text.__swrite
                0x00000000001118ec       0x68 c:/devkitpro/devkitarm/bin/../lib/gcc/arm-none-eabi/12.1.0/../../../../arm-none-eabi/lib/armv6k/fpu\libg.a(lib_a-stdio.o)
                0x00000000001118ec                __swrite
 .text.__sseek  0x0000000000111954       0x44 c:/devkitpro/devkitarm/bin/../lib/gcc/arm-none-eabi/12.1.0/../../../../arm-none-eabi/lib/armv6k/fpu\libg.a(lib_a-stdio.o)
                0x0000000000111954                __sseek
 .text.__sclose
                0x0000000000111998        0x8 c:/devkitpro/devkitarm/bin/../lib/gcc/arm-none-eabi/12.1.0/../../../../arm-none-eabi/lib/armv6k/fpu\libg.a(lib_a-stdio.o)
                0x0000000000111998                __sclose
 .text.strlen   0x00000000001119a0       0x5c c:/devkitpro/devkitarm/bin/../lib/gcc/arm-none-eabi/12.1.0/../../../../arm-none-eabi/lib/armv6k/fpu\libg.a(lib_a-strlen-stub.o)
                0x00000000001119a0                strlen
 .text.strncat  0x00000000001119fc       0xe4 c:/devkitpro/devkitarm/bin/../lib/gcc/arm-none-eabi/12.1.0/../../../../arm-none-eabi/lib/armv6k/fpu\libg.a(lib_a-strncat.o)
                0x00000000001119fc                strncat
 .text.strncmp  0x0000000000111ae0       0xe4 c:/devkitpro/devkitarm/bin/../lib/gcc/arm-none-eabi/12.1.0/../../../../arm-none-eabi/lib/armv6k/fpu\libg.a(lib_a-strncmp.o)
                0x0000000000111ae0                strncmp
 .text.strncpy  0x0000000000111bc4       0xc4 c:/devkitpro/devkitarm/bin/../lib/gcc/arm-none-eabi/12.1.0/../../../../arm-none-eabi/lib/armv6k/fpu\libg.a(lib_a-strncpy.o)
                0x0000000000111bc4                strncpy
 .text.strnlen  0x0000000000111c88       0x48 c:/devkitpro/devkitarm/bin/../lib/gcc/arm-none-eabi/12.1.0/../../../../arm-none-eabi/lib/armv6k/fpu\libg.a(lib_a-strnlen.o)
                0x0000000000111c88                strnlen
 .text._strtoul_l.constprop.0
                0x0000000000111cd0      0x1c4 c:/devkitpro/devkitarm/bin/../lib/gcc/arm-none-eabi/12.1.0/../../../../arm-none-eabi/lib/armv6k/fpu\libg.a(lib_a-strtoul.o)
 .text._strtoul_r
                0x0000000000111e94        0x4 c:/devkitpro/devkitarm/bin/../lib/gcc/arm-none-eabi/12.1.0/../../../../arm-none-eabi/lib/armv6k/fpu\libg.a(lib_a-strtoul.o)
                0x0000000000111e94                _strtoul_r
 .text.strtoul  0x0000000000111e98       0x28 c:/devkitpro/devkitarm/bin/../lib/gcc/arm-none-eabi/12.1.0/../../../../arm-none-eabi/lib/armv6k/fpu\libg.a(lib_a-strtoul.o)
                0x0000000000111e98                strtoul
 .text.get_arg  0x0000000000111ec0       0x50 c:/devkitpro/devkitarm/bin/../lib/gcc/arm-none-eabi/12.1.0/../../../../arm-none-eabi/lib/armv6k/fpu\libg.a(lib_a-svfscanf.o)
 .text.__ssvfscanf_r
                0x0000000000111f10     0x2c38 c:/devkitpro/devkitarm/bin/../lib/gcc/arm-none-eabi/12.1.0/../../../../arm-none-eabi/lib/armv6k/fpu\libg.a(lib_a-svfscanf.o)
                0x0000000000111f10                __ssvfscanf_r
 .text.get_arg  0x0000000000114b48      0x66c c:/devkitpro/devkitarm/bin/../lib/gcc/arm-none-eabi/12.1.0/../../../../arm-none-eabi/lib/armv6k/fpu\libg.a(lib_a-vfprintf.o)
 *fill*         0x00000000001151b4        0x4 
 .text._vfprintf_r
                0x00000000001151b8     0x339c c:/devkitpro/devkitarm/bin/../lib/gcc/arm-none-eabi/12.1.0/../../../../arm-none-eabi/lib/armv6k/fpu\libg.a(lib_a-vfprintf.o)
                0x00000000001151b8                _vfprintf_r
 .text.__sbprintf
                0x0000000000118554       0xd0 c:/devkitpro/devkitarm/bin/../lib/gcc/arm-none-eabi/12.1.0/../../../../arm-none-eabi/lib/armv6k/fpu\libg.a(lib_a-vfprintf.o)
 .text._wcrtomb_r
                0x0000000000118624       0x54 c:/devkitpro/devkitarm/bin/../lib/gcc/arm-none-eabi/12.1.0/../../../../arm-none-eabi/lib/armv6k/fpu\libg.a(lib_a-wcrtomb.o)
                0x0000000000118624                _wcrtomb_r
 .text._wcsrtombs_r
                0x0000000000118678       0x28 c:/devkitpro/devkitarm/bin/../lib/gcc/arm-none-eabi/12.1.0/../../../../arm-none-eabi/lib/armv6k/fpu\libg.a(lib_a-wcsrtombs.o)
                0x0000000000118678                _wcsrtombs_r
 .text.__swsetup_r
                0x00000000001186a0      0x13c c:/devkitpro/devkitarm/bin/../lib/gcc/arm-none-eabi/12.1.0/../../../../arm-none-eabi/lib/armv6k/fpu\libg.a(lib_a-wsetup.o)
                0x00000000001186a0                __swsetup_r
 .text.__call_exitprocs
                0x00000000001187dc      0x114 c:/devkitpro/devkitarm/bin/../lib/gcc/arm-none-eabi/12.1.0/../../../../arm-none-eabi/lib/armv6k/fpu\libg.a(lib_a-__call_atexit.o)
                0x00000000001187dc                __call_exitprocs
 .text.quorem   0x00000000001188f0      0x1b0 c:/devkitpro/devkitarm/bin/../lib/gcc/arm-none-eabi/12.1.0/../../../../arm-none-eabi/lib/armv6k/fpu\libg.a(lib_a-dtoa.o)
 .text._dtoa_r  0x0000000000118aa0     0x11f8 c:/devkitpro/devkitarm/bin/../lib/gcc/arm-none-eabi/12.1.0/../../../../arm-none-eabi/lib/armv6k/fpu\libg.a(lib_a-dtoa.o)
                0x0000000000118aa0                _dtoa_r
 .text._fclose_r
                0x0000000000119c98      0x15c c:/devkitpro/devkitarm/bin/../lib/gcc/arm-none-eabi/12.1.0/../../../../arm-none-eabi/lib/armv6k/fpu\libg.a(lib_a-fclose.o)
                0x0000000000119c98                _fclose_r
 .text.iswspace
                0x0000000000119df4        0x8 c:/devkitpro/devkitarm/bin/../lib/gcc/arm-none-eabi/12.1.0/../../../../arm-none-eabi/lib/armv6k/fpu\libg.a(lib_a-iswspace.o)
                0x0000000000119df4                iswspace
 .text._localeconv_r
                0x0000000000119dfc        0xc c:/devkitpro/devkitarm/bin/../lib/gcc/arm-none-eabi/12.1.0/../../../../arm-none-eabi/lib/armv6k/fpu\libg.a(lib_a-localeconv.o)
                0x0000000000119dfc                _localeconv_r
 .text.__locale_mb_cur_max
                0x0000000000119e08       0x10 c:/devkitpro/devkitarm/bin/../lib/gcc/arm-none-eabi/12.1.0/../../../../arm-none-eabi/lib/armv6k/fpu\libg.a(lib_a-locale.o)
                0x0000000000119e08                __locale_mb_cur_max
 .text.__smakebuf_r
                0x0000000000119e18      0x138 c:/devkitpro/devkitarm/bin/../lib/gcc/arm-none-eabi/12.1.0/../../../../arm-none-eabi/lib/armv6k/fpu\libg.a(lib_a-makebuf.o)
                0x0000000000119e18                __smakebuf_r
 .text.__swhatbuf_r
                0x0000000000119f50       0x8c c:/devkitpro/devkitarm/bin/../lib/gcc/arm-none-eabi/12.1.0/../../../../arm-none-eabi/lib/armv6k/fpu\libg.a(lib_a-makebuf.o)
                0x0000000000119f50                __swhatbuf_r
 .text._mbrtowc_r
                0x0000000000119fdc       0x68 c:/devkitpro/devkitarm/bin/../lib/gcc/arm-none-eabi/12.1.0/../../../../arm-none-eabi/lib/armv6k/fpu\libg.a(lib_a-mbrtowc.o)
                0x0000000000119fdc                _mbrtowc_r
 .text.__utf8_mbtowc
                0x000000000011a044      0x2f8 c:/devkitpro/devkitarm/bin/../lib/gcc/arm-none-eabi/12.1.0/../../../../arm-none-eabi/lib/armv6k/fpu\libg.a(lib_a-mbtowc_r.o)
                0x000000000011a044                __utf8_mbtowc
 .text._Balloc  0x000000000011a33c       0x88 c:/devkitpro/devkitarm/bin/../lib/gcc/arm-none-eabi/12.1.0/../../../../arm-none-eabi/lib/armv6k/fpu\libg.a(lib_a-mprec.o)
                0x000000000011a33c                _Balloc
 .text._Bfree   0x000000000011a3c4       0x1c c:/devkitpro/devkitarm/bin/../lib/gcc/arm-none-eabi/12.1.0/../../../../arm-none-eabi/lib/armv6k/fpu\libg.a(lib_a-mprec.o)
                0x000000000011a3c4                _Bfree
 .text.__multadd
                0x000000000011a3e0       0xf4 c:/devkitpro/devkitarm/bin/../lib/gcc/arm-none-eabi/12.1.0/../../../../arm-none-eabi/lib/armv6k/fpu\libg.a(lib_a-mprec.o)
                0x000000000011a3e0                __multadd
 .text.__s2b    0x000000000011a4d4      0x110 c:/devkitpro/devkitarm/bin/../lib/gcc/arm-none-eabi/12.1.0/../../../../arm-none-eabi/lib/armv6k/fpu\libg.a(lib_a-mprec.o)
                0x000000000011a4d4                __s2b
 .text.__hi0bits
                0x000000000011a5e4       0x60 c:/devkitpro/devkitarm/bin/../lib/gcc/arm-none-eabi/12.1.0/../../../../arm-none-eabi/lib/armv6k/fpu\libg.a(lib_a-mprec.o)
                0x000000000011a5e4                __hi0bits
 .text.__lo0bits
                0x000000000011a644       0x9c c:/devkitpro/devkitarm/bin/../lib/gcc/arm-none-eabi/12.1.0/../../../../arm-none-eabi/lib/armv6k/fpu\libg.a(lib_a-mprec.o)
                0x000000000011a644                __lo0bits
 .text.__i2b    0x000000000011a6e0       0xa8 c:/devkitpro/devkitarm/bin/../lib/gcc/arm-none-eabi/12.1.0/../../../../arm-none-eabi/lib/armv6k/fpu\libg.a(lib_a-mprec.o)
                0x000000000011a6e0                __i2b
 .text.__multiply
                0x000000000011a788      0x204 c:/devkitpro/devkitarm/bin/../lib/gcc/arm-none-eabi/12.1.0/../../../../arm-none-eabi/lib/armv6k/fpu\libg.a(lib_a-mprec.o)
                0x000000000011a788                __multiply
 .text.__pow5mult
                0x000000000011a98c      0x124 c:/devkitpro/devkitarm/bin/../lib/gcc/arm-none-eabi/12.1.0/../../../../arm-none-eabi/lib/armv6k/fpu\libg.a(lib_a-mprec.o)
                0x000000000011a98c                __pow5mult
 .text.__lshift
                0x000000000011aab0      0x140 c:/devkitpro/devkitarm/bin/../lib/gcc/arm-none-eabi/12.1.0/../../../../arm-none-eabi/lib/armv6k/fpu\libg.a(lib_a-mprec.o)
                0x000000000011aab0                __lshift
 .text.__mcmp   0x000000000011abf0       0x58 c:/devkitpro/devkitarm/bin/../lib/gcc/arm-none-eabi/12.1.0/../../../../arm-none-eabi/lib/armv6k/fpu\libg.a(lib_a-mprec.o)
                0x000000000011abf0                __mcmp
 .text.__mdiff  0x000000000011ac48      0x1ec c:/devkitpro/devkitarm/bin/../lib/gcc/arm-none-eabi/12.1.0/../../../../arm-none-eabi/lib/armv6k/fpu\libg.a(lib_a-mprec.o)
                0x000000000011ac48                __mdiff
 .text.__ulp    0x000000000011ae34       0x68 c:/devkitpro/devkitarm/bin/../lib/gcc/arm-none-eabi/12.1.0/../../../../arm-none-eabi/lib/armv6k/fpu\libg.a(lib_a-mprec.o)
                0x000000000011ae34                __ulp
 .text.__b2d    0x000000000011ae9c       0xd0 c:/devkitpro/devkitarm/bin/../lib/gcc/arm-none-eabi/12.1.0/../../../../arm-none-eabi/lib/armv6k/fpu\libg.a(lib_a-mprec.o)
                0x000000000011ae9c                __b2d
 .text.__d2b    0x000000000011af6c      0x120 c:/devkitpro/devkitarm/bin/../lib/gcc/arm-none-eabi/12.1.0/../../../../arm-none-eabi/lib/armv6k/fpu\libg.a(lib_a-mprec.o)
                0x000000000011af6c                __d2b
 .text.__ratio  0x000000000011b08c       0x78 c:/devkitpro/devkitarm/bin/../lib/gcc/arm-none-eabi/12.1.0/../../../../arm-none-eabi/lib/armv6k/fpu\libg.a(lib_a-mprec.o)
                0x000000000011b08c                __ratio
 .text.__copybits
                0x000000000011b104       0x88 c:/devkitpro/devkitarm/bin/../lib/gcc/arm-none-eabi/12.1.0/../../../../arm-none-eabi/lib/armv6k/fpu\libg.a(lib_a-mprec.o)
                0x000000000011b104                __copybits
 .text.__any_on
                0x000000000011b18c       0x5c c:/devkitpro/devkitarm/bin/../lib/gcc/arm-none-eabi/12.1.0/../../../../arm-none-eabi/lib/armv6k/fpu\libg.a(lib_a-mprec.o)
                0x000000000011b18c                __any_on
 .text.realloc  0x000000000011b1e8       0x20 c:/devkitpro/devkitarm/bin/../lib/gcc/arm-none-eabi/12.1.0/../../../../arm-none-eabi/lib/armv6k/fpu\libg.a(lib_a-realloc.o)
                0x000000000011b1e8                realloc
 .text._realloc_r
                0x000000000011b208      0x4a0 c:/devkitpro/devkitarm/bin/../lib/gcc/arm-none-eabi/12.1.0/../../../../arm-none-eabi/lib/armv6k/fpu\libg.a(lib_a-reallocr.o)
                0x000000000011b208                _realloc_r
 .text.__sccl   0x000000000011b6a8       0xf4 c:/devkitpro/devkitarm/bin/../lib/gcc/arm-none-eabi/12.1.0/../../../../arm-none-eabi/lib/armv6k/fpu\libg.a(lib_a-sccl.o)
                0x000000000011b6a8                __sccl
 .text.nanf     0x000000000011b79c        0xc c:/devkitpro/devkitarm/bin/../lib/gcc/arm-none-eabi/12.1.0/../../../../arm-none-eabi/lib/armv6k/fpu\libg.a(lib_a-sf_nan.o)
                0x000000000011b79c                nanf
 .text.frexp    0x000000000011b7a8       0x88 c:/devkitpro/devkitarm/bin/../lib/gcc/arm-none-eabi/12.1.0/../../../../arm-none-eabi/lib/armv6k/fpu\libg.a(lib_a-s_frexp.o)
                0x000000000011b7a8                frexp
 .text.sprintf  0x000000000011b830       0x64 c:/devkitpro/devkitarm/bin/../lib/gcc/arm-none-eabi/12.1.0/../../../../arm-none-eabi/lib/armv6k/fpu\libg.a(lib_a-sprintf.o)
                0x000000000011b830                sprintf
 .text.stpncpy  0x000000000011b894       0xcc c:/devkitpro/devkitarm/bin/../lib/gcc/arm-none-eabi/12.1.0/../../../../arm-none-eabi/lib/armv6k/fpu\libg.a(lib_a-stpncpy.o)
                0x000000000011b894                stpncpy
 .text.strchr   0x000000000011b960      0x130 c:/devkitpro/devkitarm/bin/../lib/gcc/arm-none-eabi/12.1.0/../../../../arm-none-eabi/lib/armv6k/fpu\libg.a(lib_a-strchr.o)
                0x000000000011b960                strchr
 .text.sulp     0x000000000011ba90       0x64 c:/devkitpro/devkitarm/bin/../lib/gcc/arm-none-eabi/12.1.0/../../../../arm-none-eabi/lib/armv6k/fpu\libg.a(lib_a-strtod.o)
 *fill*         0x000000000011baf4        0x4 
 .text._strtod_l
                0x000000000011baf8     0x13a8 c:/devkitpro/devkitarm/bin/../lib/gcc/arm-none-eabi/12.1.0/../../../../arm-none-eabi/lib/armv6k/fpu\libg.a(lib_a-strtod.o)
                0x000000000011baf8                _strtod_l
 .text._strtod_r
                0x000000000011cea0        0xc c:/devkitpro/devkitarm/bin/../lib/gcc/arm-none-eabi/12.1.0/../../../../arm-none-eabi/lib/armv6k/fpu\libg.a(lib_a-strtod.o)
                0x000000000011cea0                _strtod_r
 .text._strtoll_l.constprop.0
                0x000000000011ceac      0x22c c:/devkitpro/devkitarm/bin/../lib/gcc/arm-none-eabi/12.1.0/../../../../arm-none-eabi/lib/armv6k/fpu\libg.a(lib_a-strtoll.o)
 .text._strtoll_r
                0x000000000011d0d8        0x4 c:/devkitpro/devkitarm/bin/../lib/gcc/arm-none-eabi/12.1.0/../../../../arm-none-eabi/lib/armv6k/fpu\libg.a(lib_a-strtoll.o)
                0x000000000011d0d8                _strtoll_r
 .text._strtol_l.part.0
                0x000000000011d0dc      0x1a4 c:/devkitpro/devkitarm/bin/../lib/gcc/arm-none-eabi/12.1.0/../../../../arm-none-eabi/lib/armv6k/fpu\libg.a(lib_a-strtol.o)
 .text._strtol_r
                0x000000000011d280       0x3c c:/devkitpro/devkitarm/bin/../lib/gcc/arm-none-eabi/12.1.0/../../../../arm-none-eabi/lib/armv6k/fpu\libg.a(lib_a-strtol.o)
                0x000000000011d280                _strtol_r
 .text._strtoull_l.constprop.0
                0x000000000011d2bc      0x244 c:/devkitpro/devkitarm/bin/../lib/gcc/arm-none-eabi/12.1.0/../../../../arm-none-eabi/lib/armv6k/fpu\libg.a(lib_a-strtoull.o)
 .text._strtoull_r
                0x000000000011d500        0x4 c:/devkitpro/devkitarm/bin/../lib/gcc/arm-none-eabi/12.1.0/../../../../arm-none-eabi/lib/armv6k/fpu\libg.a(lib_a-strtoull.o)
                0x000000000011d500                _strtoull_r
 .text.__ssprint_r
                0x000000000011d504      0x188 c:/devkitpro/devkitarm/bin/../lib/gcc/arm-none-eabi/12.1.0/../../../../arm-none-eabi/lib/armv6k/fpu\libg.a(lib_a-svfiprintf.o)
                0x000000000011d504                __ssprint_r
 .text._sungetc_r
                0x000000000011d68c       0xd4 c:/devkitpro/devkitarm/bin/../lib/gcc/arm-none-eabi/12.1.0/../../../../arm-none-eabi/lib/armv6k/fpu\libg.a(lib_a-svfiscanf.o)
                0x000000000011d68c                _sungetc_r
 .text.__ssrefill_r
                0x000000000011d760       0x6c c:/devkitpro/devkitarm/bin/../lib/gcc/arm-none-eabi/12.1.0/../../../../arm-none-eabi/lib/armv6k/fpu\libg.a(lib_a-svfiscanf.o)
                0x000000000011d760                __ssrefill_r
 .text._sfread_r
                0x000000000011d7cc       0xc4 c:/devkitpro/devkitarm/bin/../lib/gcc/arm-none-eabi/12.1.0/../../../../arm-none-eabi/lib/armv6k/fpu\libg.a(lib_a-svfiscanf.o)
                0x000000000011d7cc                _sfread_r
 .text.get_arg  0x000000000011d890      0x66c c:/devkitpro/devkitarm/bin/../lib/gcc/arm-none-eabi/12.1.0/../../../../arm-none-eabi/lib/armv6k/fpu\libg.a(lib_a-svfprintf.o)
 *fill*         0x000000000011defc        0x4 
 .text._svfprintf_r
                0x000000000011df00     0x3334 c:/devkitpro/devkitarm/bin/../lib/gcc/arm-none-eabi/12.1.0/../../../../arm-none-eabi/lib/armv6k/fpu\libg.a(lib_a-svfprintf.o)
                0x000000000011df00                _svfprintf_r
 .text.__submore
                0x0000000000121234       0xa8 c:/devkitpro/devkitarm/bin/../lib/gcc/arm-none-eabi/12.1.0/../../../../arm-none-eabi/lib/armv6k/fpu\libg.a(lib_a-ungetc.o)
                0x0000000000121234                __submore
 .text.get_arg  0x00000000001212dc      0x66c c:/devkitpro/devkitarm/bin/../lib/gcc/arm-none-eabi/12.1.0/../../../../arm-none-eabi/lib/armv6k/fpu\libg.a(lib_a-vfiprintf.o)
 .text.__sprint_r
                0x0000000000121948       0x30 c:/devkitpro/devkitarm/bin/../lib/gcc/arm-none-eabi/12.1.0/../../../../arm-none-eabi/lib/armv6k/fpu\libg.a(lib_a-vfiprintf.o)
                0x0000000000121948                __sprint_r
 .text._vfiprintf_r
                0x0000000000121978     0x22ec c:/devkitpro/devkitarm/bin/../lib/gcc/arm-none-eabi/12.1.0/../../../../arm-none-eabi/lib/armv6k/fpu\libg.a(lib_a-vfiprintf.o)
                0x0000000000121978                _vfiprintf_r
 .text.__sbprintf
                0x0000000000123c64       0xd0 c:/devkitpro/devkitarm/bin/../lib/gcc/arm-none-eabi/12.1.0/../../../../arm-none-eabi/lib/armv6k/fpu\libg.a(lib_a-vfiprintf.o)
 .text._wcsnrtombs_l
                0x0000000000123d34      0x188 c:/devkitpro/devkitarm/bin/../lib/gcc/arm-none-eabi/12.1.0/../../../../arm-none-eabi/lib/armv6k/fpu\libg.a(lib_a-wcsnrtombs.o)
                0x0000000000123d34                _wcsnrtombs_l
 .text._wcsnrtombs_r
                0x0000000000123ebc       0x4c c:/devkitpro/devkitarm/bin/../lib/gcc/arm-none-eabi/12.1.0/../../../../arm-none-eabi/lib/armv6k/fpu\libg.a(lib_a-wcsnrtombs.o)
                0x0000000000123ebc                _wcsnrtombs_r
 .text.__utf8_wctomb
                0x0000000000123f08       0xf0 c:/devkitpro/devkitarm/bin/../lib/gcc/arm-none-eabi/12.1.0/../../../../arm-none-eabi/lib/armv6k/fpu\libg.a(lib_a-wctomb_r.o)
                0x0000000000123f08                __utf8_wctomb
 .text.__assert_func
                0x0000000000123ff8       0x5c c:/devkitpro/devkitarm/bin/../lib/gcc/arm-none-eabi/12.1.0/../../../../arm-none-eabi/lib/armv6k/fpu\libg.a(lib_a-assert.o)
                0x0000000000123ff8                __assert_func
 .text.fiprintf
                0x0000000000124054       0x3c c:/devkitpro/devkitarm/bin/../lib/gcc/arm-none-eabi/12.1.0/../../../../arm-none-eabi/lib/armv6k/fpu\libg.a(lib_a-fiprintf.o)
                0x0000000000124054                fiprintf
 .text.__sfvwrite_r
                0x0000000000124090      0x4b4 c:/devkitpro/devkitarm/bin/../lib/gcc/arm-none-eabi/12.1.0/../../../../arm-none-eabi/lib/armv6k/fpu\libg.a(lib_a-fvwrite.o)
                0x0000000000124090                __sfvwrite_r
 .text.rshift   0x0000000000124544       0xf0 c:/devkitpro/devkitarm/bin/../lib/gcc/arm-none-eabi/12.1.0/../../../../arm-none-eabi/lib/armv6k/fpu\libg.a(lib_a-gdtoa-gethex.o)
 .text.__gethex
                0x0000000000124634      0x814 c:/devkitpro/devkitarm/bin/../lib/gcc/arm-none-eabi/12.1.0/../../../../arm-none-eabi/lib/armv6k/fpu\libg.a(lib_a-gdtoa-gethex.o)
                0x0000000000124634                __gethex
 .text.__match  0x0000000000124e48       0x4c c:/devkitpro/devkitarm/bin/../lib/gcc/arm-none-eabi/12.1.0/../../../../arm-none-eabi/lib/armv6k/fpu\libg.a(lib_a-gdtoa-hexnan.o)
                0x0000000000124e48                __match
 .text.__hexnan
                0x0000000000124e94      0x29c c:/devkitpro/devkitarm/bin/../lib/gcc/arm-none-eabi/12.1.0/../../../../arm-none-eabi/lib/armv6k/fpu\libg.a(lib_a-gdtoa-hexnan.o)
                0x0000000000124e94                __hexnan
 .text.iswspace_l
                0x0000000000125130       0x3c c:/devkitpro/devkitarm/bin/../lib/gcc/arm-none-eabi/12.1.0/../../../../arm-none-eabi/lib/armv6k/fpu\libg.a(lib_a-iswspace_l.o)
                0x0000000000125130                iswspace_l
 .text.__jp2uc  0x000000000012516c      0x1d8 c:/devkitpro/devkitarm/bin/../lib/gcc/arm-none-eabi/12.1.0/../../../../arm-none-eabi/lib/armv6k/fpu\libg.a(lib_a-jp2uc.o)
 .text._jp2uc_l
                0x0000000000125344       0x9c c:/devkitpro/devkitarm/bin/../lib/gcc/arm-none-eabi/12.1.0/../../../../arm-none-eabi/lib/armv6k/fpu\libg.a(lib_a-jp2uc.o)
                0x0000000000125344                _jp2uc_l
 .text.memmove  0x00000000001253e0      0x150 c:/devkitpro/devkitarm/bin/../lib/gcc/arm-none-eabi/12.1.0/../../../../arm-none-eabi/lib/armv6k/fpu\libg.a(lib_a-memmove.o)
                0x00000000001253e0                memmove
 .text.nan      0x0000000000125530       0x10 c:/devkitpro/devkitarm/bin/../lib/gcc/arm-none-eabi/12.1.0/../../../../arm-none-eabi/lib/armv6k/fpu\libg.a(lib_a-s_nan.o)
                0x0000000000125530                nan
 .text.abort    0x0000000000125540       0x14 c:/devkitpro/devkitarm/bin/../lib/gcc/arm-none-eabi/12.1.0/../../../../arm-none-eabi/lib/armv6k/fpu\libg.a(lib_a-abort.o)
                0x0000000000125540                abort
 .text.category
                0x0000000000125554       0x8c c:/devkitpro/devkitarm/bin/../lib/gcc/arm-none-eabi/12.1.0/../../../../arm-none-eabi/lib/armv6k/fpu\libg.a(lib_a-categories.o)
                0x0000000000125554                category
 .text._raise_r
                0x00000000001255e0       0x90 c:/devkitpro/devkitarm/bin/../lib/gcc/arm-none-eabi/12.1.0/../../../../arm-none-eabi/lib/armv6k/fpu\libg.a(lib_a-signal.o)
                0x00000000001255e0                _raise_r
 .text.raise    0x0000000000125670       0x18 c:/devkitpro/devkitarm/bin/../lib/gcc/arm-none-eabi/12.1.0/../../../../arm-none-eabi/lib/armv6k/fpu\libg.a(lib_a-signal.o)
                0x0000000000125670                raise
 .text.null_write
                0x0000000000125688        0x8 c:/devkitpro/devkitarm/bin/../lib/gcc/arm-none-eabi/12.1.0/../../../../arm-none-eabi/lib/armv6k/fpu\libsysbase.a(iosupport.o)
 .text.setDefaultDevice
                0x0000000000125690       0x18 c:/devkitpro/devkitarm/bin/../lib/gcc/arm-none-eabi/12.1.0/../../../../arm-none-eabi/lib/armv6k/fpu\libsysbase.a(iosupport.o)
                0x0000000000125690                setDefaultDevice
 .text.FindDevice
                0x00000000001256a8       0xc8 c:/devkitpro/devkitarm/bin/../lib/gcc/arm-none-eabi/12.1.0/../../../../arm-none-eabi/lib/armv6k/fpu\libsysbase.a(iosupport.o)
                0x00000000001256a8                FindDevice
 .text.RemoveDevice
                0x0000000000125770       0x28 c:/devkitpro/devkitarm/bin/../lib/gcc/arm-none-eabi/12.1.0/../../../../arm-none-eabi/lib/armv6k/fpu\libsysbase.a(iosupport.o)
                0x0000000000125770                RemoveDevice
 .text.AddDevice